Archive member included because of file (symbol)

d:/programs/embedded/sdk_win_64/sdk_win_64/winavr/bin/../lib/gcc/avr/4.3.3/avr5\libgcc.a(_mulsi3.o)
                              ./main.o (__mulsi3)
d:/programs/embedded/sdk_win_64/sdk_win_64/winavr/bin/../lib/gcc/avr/4.3.3/avr5\libgcc.a(_udivmodsi4.o)
                              ./HAL/HCLCD/HCLCD_Program.o (__udivmodsi4)
d:/programs/embedded/sdk_win_64/sdk_win_64/winavr/bin/../lib/gcc/avr/4.3.3/avr5\libgcc.a(_exit.o)
                              d:/programs/embedded/sdk_win_64/sdk_win_64/winavr/bin/../lib/gcc/avr/4.3.3/../../../../avr/lib/avr5/crtm32.o (exit)
d:/programs/embedded/sdk_win_64/sdk_win_64/winavr/bin/../lib/gcc/avr/4.3.3/avr5\libgcc.a(_copy_data.o)
                              ./HAL/HKPD/HKPD_Program.o (__do_copy_data)
d:/programs/embedded/sdk_win_64/sdk_win_64/winavr/bin/../lib/gcc/avr/4.3.3/avr5\libgcc.a(_clear_bss.o)
                              ./MCAL/MUSART/MUSART_Program.o (__do_clear_bss)
d:/programs/embedded/sdk_win_64/sdk_win_64/winavr/bin/../lib/gcc/avr/4.3.3/avr5\libgcc.a(_fixunssfsi.o)
                              ./HAL/HSTEPPER/HSTEPPER_Program.o (__fixunssfsi)
d:/programs/embedded/sdk_win_64/sdk_win_64/winavr/bin/../lib/gcc/avr/4.3.3/avr5\libgcc.a(_addsub_sf.o)
                              d:/programs/embedded/sdk_win_64/sdk_win_64/winavr/bin/../lib/gcc/avr/4.3.3/avr5\libgcc.a(_fixunssfsi.o) (__subsf3)
d:/programs/embedded/sdk_win_64/sdk_win_64/winavr/bin/../lib/gcc/avr/4.3.3/avr5\libgcc.a(_mul_sf.o)
                              ./HAL/HSTEPPER/HSTEPPER_Program.o (__mulsf3)
d:/programs/embedded/sdk_win_64/sdk_win_64/winavr/bin/../lib/gcc/avr/4.3.3/avr5\libgcc.a(_div_sf.o)
                              ./HAL/HSTEPPER/HSTEPPER_Program.o (__divsf3)
d:/programs/embedded/sdk_win_64/sdk_win_64/winavr/bin/../lib/gcc/avr/4.3.3/avr5\libgcc.a(_gt_sf.o)
                              ./HAL/HSTEPPER/HSTEPPER_Program.o (__gtsf2)
d:/programs/embedded/sdk_win_64/sdk_win_64/winavr/bin/../lib/gcc/avr/4.3.3/avr5\libgcc.a(_ge_sf.o)
                              d:/programs/embedded/sdk_win_64/sdk_win_64/winavr/bin/../lib/gcc/avr/4.3.3/avr5\libgcc.a(_fixunssfsi.o) (__gesf2)
d:/programs/embedded/sdk_win_64/sdk_win_64/winavr/bin/../lib/gcc/avr/4.3.3/avr5\libgcc.a(_lt_sf.o)
                              ./HAL/HSTEPPER/HSTEPPER_Program.o (__ltsf2)
d:/programs/embedded/sdk_win_64/sdk_win_64/winavr/bin/../lib/gcc/avr/4.3.3/avr5\libgcc.a(_sf_to_si.o)
                              d:/programs/embedded/sdk_win_64/sdk_win_64/winavr/bin/../lib/gcc/avr/4.3.3/avr5\libgcc.a(_fixunssfsi.o) (__fixsfsi)
d:/programs/embedded/sdk_win_64/sdk_win_64/winavr/bin/../lib/gcc/avr/4.3.3/avr5\libgcc.a(_thenan_sf.o)
                              d:/programs/embedded/sdk_win_64/sdk_win_64/winavr/bin/../lib/gcc/avr/4.3.3/avr5\libgcc.a(_addsub_sf.o) (__thenan_sf)
d:/programs/embedded/sdk_win_64/sdk_win_64/winavr/bin/../lib/gcc/avr/4.3.3/avr5\libgcc.a(_usi_to_sf.o)
                              ./HAL/HSTEPPER/HSTEPPER_Program.o (__floatunsisf)
d:/programs/embedded/sdk_win_64/sdk_win_64/winavr/bin/../lib/gcc/avr/4.3.3/avr5\libgcc.a(_prologue.o)
                              d:/programs/embedded/sdk_win_64/sdk_win_64/winavr/bin/../lib/gcc/avr/4.3.3/avr5\libgcc.a(_addsub_sf.o) (__prologue_saves__)
d:/programs/embedded/sdk_win_64/sdk_win_64/winavr/bin/../lib/gcc/avr/4.3.3/avr5\libgcc.a(_epilogue.o)
                              d:/programs/embedded/sdk_win_64/sdk_win_64/winavr/bin/../lib/gcc/avr/4.3.3/avr5\libgcc.a(_addsub_sf.o) (__epilogue_restores__)
d:/programs/embedded/sdk_win_64/sdk_win_64/winavr/bin/../lib/gcc/avr/4.3.3/avr5\libgcc.a(_clzsi2.o)
                              d:/programs/embedded/sdk_win_64/sdk_win_64/winavr/bin/../lib/gcc/avr/4.3.3/avr5\libgcc.a(_usi_to_sf.o) (__clzsi2)
d:/programs/embedded/sdk_win_64/sdk_win_64/winavr/bin/../lib/gcc/avr/4.3.3/avr5\libgcc.a(_pack_sf.o)
                              d:/programs/embedded/sdk_win_64/sdk_win_64/winavr/bin/../lib/gcc/avr/4.3.3/avr5\libgcc.a(_addsub_sf.o) (__pack_f)
d:/programs/embedded/sdk_win_64/sdk_win_64/winavr/bin/../lib/gcc/avr/4.3.3/avr5\libgcc.a(_unpack_sf.o)
                              d:/programs/embedded/sdk_win_64/sdk_win_64/winavr/bin/../lib/gcc/avr/4.3.3/avr5\libgcc.a(_addsub_sf.o) (__unpack_f)
d:/programs/embedded/sdk_win_64/sdk_win_64/winavr/bin/../lib/gcc/avr/4.3.3/avr5\libgcc.a(_fpcmp_parts_sf.o)
                              d:/programs/embedded/sdk_win_64/sdk_win_64/winavr/bin/../lib/gcc/avr/4.3.3/avr5\libgcc.a(_gt_sf.o) (__fpcmp_parts_f)
d:/programs/embedded/sdk_win_64/sdk_win_64/winavr/bin/../lib/gcc/avr/4.3.3/avr5\libgcc.a(_clz.o)
                              d:/programs/embedded/sdk_win_64/sdk_win_64/winavr/bin/../lib/gcc/avr/4.3.3/avr5\libgcc.a(_clzsi2.o) (__clz_tab)
d:/programs/embedded/sdk_win_64/sdk_win_64/winavr/bin/../lib/gcc/avr/4.3.3/../../../../avr/lib/avr5\libc.a(memcpy.o)
                              ./FreeRTOS/queue.o (memcpy)
d:/programs/embedded/sdk_win_64/sdk_win_64/winavr/bin/../lib/gcc/avr/4.3.3/../../../../avr/lib/avr5\libc.a(memset.o)
                              ./FreeRTOS/tasks.o (memset)
d:/programs/embedded/sdk_win_64/sdk_win_64/winavr/bin/../lib/gcc/avr/4.3.3/../../../../avr/lib/avr5\libc.a(strncpy.o)
                              ./FreeRTOS/tasks.o (strncpy)

Allocating common symbols
Common symbol       size              file

Entry_sem           0x2               ./main.o
KEYPAD_FLAG         0x1               ./main.o
CheckData_To_Balance_Queue
                    0x2               ./main.o
Keypad_To_CheckData_Queue1
                    0x2               ./main.o
Keypad_To_LCD_Queue
                    0x2               ./main.o
Keypad_To_CheckData_Queue2
                    0x2               ./main.o
CheckBalance_To_Calculation_Queue
                    0x2               ./main.o
MADC_CallBack       0x2               ./MCAL/MADC/MADC_Program.o
MUSART_CallBack     0x2               ./MCAL/MUSART/MUSART_Program.o
Keypad_To_CheckBalance_Queue
                    0x2               ./main.o

Memory Configuration

Name             Origin             Length             Attributes
text             0x00000000         0x00020000         xr
data             0x00800060         0x0000ffa0         rw !x
eeprom           0x00810000         0x00010000         rw !x
fuse             0x00820000         0x00000400         rw !x
lock             0x00830000         0x00000400         rw !x
signature        0x00840000         0x00000400         rw !x
*default*        0x00000000         0xffffffff

Linker script and memory map

LOAD d:/programs/embedded/sdk_win_64/sdk_win_64/winavr/bin/../lib/gcc/avr/4.3.3/../../../../avr/lib/avr5/crtm32.o
LOAD ./MCAL/MUSART/MUSART_Program.o
LOAD ./MCAL/MGIE/MGIE_Program.o
LOAD ./MCAL/MDIO/MDIO_Program.o
LOAD ./MCAL/MADC/MADC_Program.o
LOAD ./HAL/HSTEPPER/HSTEPPER_Program.o
LOAD ./HAL/HKPD/HKPD_Program.o
LOAD ./HAL/HCLCD/HCLCD_Program.o
LOAD ./FreeRTOS/croutine.o
LOAD ./FreeRTOS/heap_1.o
LOAD ./FreeRTOS/list.o
LOAD ./FreeRTOS/port.o
LOAD ./FreeRTOS/queue.o
LOAD ./FreeRTOS/tasks.o
LOAD ./FreeRTOS/timers.o
LOAD ./main.o
LOAD d:/programs/embedded/sdk_win_64/sdk_win_64/winavr/bin/../lib/gcc/avr/4.3.3/avr5\libgcc.a
LOAD d:/programs/embedded/sdk_win_64/sdk_win_64/winavr/bin/../lib/gcc/avr/4.3.3/../../../../avr/lib/avr5\libc.a
LOAD d:/programs/embedded/sdk_win_64/sdk_win_64/winavr/bin/../lib/gcc/avr/4.3.3/avr5\libgcc.a

.hash
 *(.hash)

.dynsym
 *(.dynsym)

.dynstr
 *(.dynstr)

.gnu.version
 *(.gnu.version)

.gnu.version_d
 *(.gnu.version_d)

.gnu.version_r
 *(.gnu.version_r)

.rel.init
 *(.rel.init)

.rela.init
 *(.rela.init)

.rel.text
 *(.rel.text)
 *(.rel.text.*)
 *(.rel.gnu.linkonce.t*)

.rela.text
 *(.rela.text)
 *(.rela.text.*)
 *(.rela.gnu.linkonce.t*)

.rel.fini
 *(.rel.fini)

.rela.fini
 *(.rela.fini)

.rel.rodata
 *(.rel.rodata)
 *(.rel.rodata.*)
 *(.rel.gnu.linkonce.r*)

.rela.rodata
 *(.rela.rodata)
 *(.rela.rodata.*)
 *(.rela.gnu.linkonce.r*)

.rel.data
 *(.rel.data)
 *(.rel.data.*)
 *(.rel.gnu.linkonce.d*)

.rela.data
 *(.rela.data)
 *(.rela.data.*)
 *(.rela.gnu.linkonce.d*)

.rel.ctors
 *(.rel.ctors)

.rela.ctors
 *(.rela.ctors)

.rel.dtors
 *(.rel.dtors)

.rela.dtors
 *(.rela.dtors)

.rel.got
 *(.rel.got)

.rela.got
 *(.rela.got)

.rel.bss
 *(.rel.bss)

.rela.bss
 *(.rela.bss)

.rel.plt
 *(.rel.plt)

.rela.plt
 *(.rela.plt)

.text           0x00000000     0x6f02
 *(.vectors)
 .vectors       0x00000000       0x54 d:/programs/embedded/sdk_win_64/sdk_win_64/winavr/bin/../lib/gcc/avr/4.3.3/../../../../avr/lib/avr5/crtm32.o
                0x00000000                __vectors
                0x00000000                __vector_default
 *(.vectors)
 *(.progmem.gcc*)
 *(.progmem*)
                0x00000054                . = ALIGN (0x2)
                0x00000054                __trampolines_start = .
 *(.trampolines)
 .trampolines   0x00000054        0x0 linker stubs
 *(.trampolines*)
                0x00000054                __trampolines_end = .
 *(.jumptables)
 *(.jumptables*)
 *(.lowtext)
 *(.lowtext*)
                0x00000054                __ctors_start = .
 *(.ctors)
                0x00000054                __ctors_end = .
                0x00000054                __dtors_start = .
 *(.dtors)
                0x00000054                __dtors_end = .
 SORT(*)(.ctors)
 SORT(*)(.dtors)
 *(.init0)
 .init0         0x00000054        0x0 d:/programs/embedded/sdk_win_64/sdk_win_64/winavr/bin/../lib/gcc/avr/4.3.3/../../../../avr/lib/avr5/crtm32.o
                0x00000054                __init
 *(.init0)
 *(.init1)
 *(.init1)
 *(.init2)
 .init2         0x00000054        0xc d:/programs/embedded/sdk_win_64/sdk_win_64/winavr/bin/../lib/gcc/avr/4.3.3/../../../../avr/lib/avr5/crtm32.o
 *(.init2)
 *(.init3)
 *(.init3)
 *(.init4)
 .init4         0x00000060       0x16 d:/programs/embedded/sdk_win_64/sdk_win_64/winavr/bin/../lib/gcc/avr/4.3.3/avr5\libgcc.a(_copy_data.o)
                0x00000060                __do_copy_data
 .init4         0x00000076       0x10 d:/programs/embedded/sdk_win_64/sdk_win_64/winavr/bin/../lib/gcc/avr/4.3.3/avr5\libgcc.a(_clear_bss.o)
                0x00000076                __do_clear_bss
 *(.init4)
 *(.init5)
 *(.init5)
 *(.init6)
 *(.init6)
 *(.init7)
 *(.init7)
 *(.init8)
 *(.init8)
 *(.init9)
 .init9         0x00000086        0x8 d:/programs/embedded/sdk_win_64/sdk_win_64/winavr/bin/../lib/gcc/avr/4.3.3/../../../../avr/lib/avr5/crtm32.o
 *(.init9)
 *(.text)
 .text          0x0000008e        0x4 d:/programs/embedded/sdk_win_64/sdk_win_64/winavr/bin/../lib/gcc/avr/4.3.3/../../../../avr/lib/avr5/crtm32.o
                0x0000008e                __vector_1
                0x0000008e                __vector_12
                0x0000008e                __bad_interrupt
                0x0000008e                __vector_6
                0x0000008e                __vector_3
                0x0000008e                __vector_11
                0x0000008e                __vector_17
                0x0000008e                __vector_19
                0x0000008e                __vector_5
                0x0000008e                __vector_4
                0x0000008e                __vector_9
                0x0000008e                __vector_2
                0x0000008e                __vector_15
                0x0000008e                __vector_8
                0x0000008e                __vector_14
                0x0000008e                __vector_10
                0x0000008e                __vector_18
                0x0000008e                __vector_20
 .text          0x00000092        0x0 ./MCAL/MUSART/MUSART_Program.o
 .text          0x00000092        0x0 ./MCAL/MGIE/MGIE_Program.o
 .text          0x00000092        0x0 ./MCAL/MDIO/MDIO_Program.o
 .text          0x00000092        0x0 ./MCAL/MADC/MADC_Program.o
 .text          0x00000092        0x0 ./HAL/HSTEPPER/HSTEPPER_Program.o
 .text          0x00000092        0x0 ./HAL/HKPD/HKPD_Program.o
 .text          0x00000092        0x0 ./HAL/HCLCD/HCLCD_Program.o
 .text          0x00000092        0x0 ./FreeRTOS/croutine.o
 .text          0x00000092        0x0 ./FreeRTOS/heap_1.o
 .text          0x00000092        0x0 ./FreeRTOS/list.o
 .text          0x00000092        0x0 ./FreeRTOS/port.o
 .text          0x00000092        0x0 ./FreeRTOS/queue.o
 .text          0x00000092        0x0 ./FreeRTOS/tasks.o
 .text          0x00000092        0x0 ./FreeRTOS/timers.o
 .text          0x00000092        0x0 ./main.o
 .text          0x00000092        0x0 d:/programs/embedded/sdk_win_64/sdk_win_64/winavr/bin/../lib/gcc/avr/4.3.3/avr5\libgcc.a(_mulsi3.o)
 .text          0x00000092        0x0 d:/programs/embedded/sdk_win_64/sdk_win_64/winavr/bin/../lib/gcc/avr/4.3.3/avr5\libgcc.a(_udivmodsi4.o)
 .text          0x00000092        0x0 d:/programs/embedded/sdk_win_64/sdk_win_64/winavr/bin/../lib/gcc/avr/4.3.3/avr5\libgcc.a(_exit.o)
 .text          0x00000092        0x0 d:/programs/embedded/sdk_win_64/sdk_win_64/winavr/bin/../lib/gcc/avr/4.3.3/avr5\libgcc.a(_copy_data.o)
 .text          0x00000092        0x0 d:/programs/embedded/sdk_win_64/sdk_win_64/winavr/bin/../lib/gcc/avr/4.3.3/avr5\libgcc.a(_clear_bss.o)
 .text          0x00000092       0x58 d:/programs/embedded/sdk_win_64/sdk_win_64/winavr/bin/../lib/gcc/avr/4.3.3/avr5\libgcc.a(_fixunssfsi.o)
                0x00000092                __fixunssfsi
 .text          0x000000ea      0x354 d:/programs/embedded/sdk_win_64/sdk_win_64/winavr/bin/../lib/gcc/avr/4.3.3/avr5\libgcc.a(_addsub_sf.o)
                0x00000382                __subsf3
                0x000003e4                __addsf3
 .text          0x0000043e      0x1f4 d:/programs/embedded/sdk_win_64/sdk_win_64/winavr/bin/../lib/gcc/avr/4.3.3/avr5\libgcc.a(_mul_sf.o)
                0x0000043e                __mulsf3
 .text          0x00000632      0x158 d:/programs/embedded/sdk_win_64/sdk_win_64/winavr/bin/../lib/gcc/avr/4.3.3/avr5\libgcc.a(_div_sf.o)
                0x00000632                __divsf3
 .text          0x0000078a       0x60 d:/programs/embedded/sdk_win_64/sdk_win_64/winavr/bin/../lib/gcc/avr/4.3.3/avr5\libgcc.a(_gt_sf.o)
                0x0000078a                __gtsf2
 .text          0x000007ea       0x60 d:/programs/embedded/sdk_win_64/sdk_win_64/winavr/bin/../lib/gcc/avr/4.3.3/avr5\libgcc.a(_ge_sf.o)
                0x000007ea                __gesf2
 .text          0x0000084a       0x60 d:/programs/embedded/sdk_win_64/sdk_win_64/winavr/bin/../lib/gcc/avr/4.3.3/avr5\libgcc.a(_lt_sf.o)
                0x0000084a                __ltsf2
 .text          0x000008aa       0xa8 d:/programs/embedded/sdk_win_64/sdk_win_64/winavr/bin/../lib/gcc/avr/4.3.3/avr5\libgcc.a(_sf_to_si.o)
                0x000008aa                __fixsfsi
 .text          0x00000952        0x0 d:/programs/embedded/sdk_win_64/sdk_win_64/winavr/bin/../lib/gcc/avr/4.3.3/avr5\libgcc.a(_thenan_sf.o)
 .text          0x00000952       0xf2 d:/programs/embedded/sdk_win_64/sdk_win_64/winavr/bin/../lib/gcc/avr/4.3.3/avr5\libgcc.a(_usi_to_sf.o)
                0x00000952                __floatunsisf
 .text          0x00000a44        0x0 d:/programs/embedded/sdk_win_64/sdk_win_64/winavr/bin/../lib/gcc/avr/4.3.3/avr5\libgcc.a(_prologue.o)
 .text          0x00000a44        0x0 d:/programs/embedded/sdk_win_64/sdk_win_64/winavr/bin/../lib/gcc/avr/4.3.3/avr5\libgcc.a(_epilogue.o)
 .text          0x00000a44       0x9e d:/programs/embedded/sdk_win_64/sdk_win_64/winavr/bin/../lib/gcc/avr/4.3.3/avr5\libgcc.a(_clzsi2.o)
                0x00000a44                __clzsi2
 .text          0x00000ae2      0x1aa d:/programs/embedded/sdk_win_64/sdk_win_64/winavr/bin/../lib/gcc/avr/4.3.3/avr5\libgcc.a(_pack_sf.o)
                0x00000ae2                __pack_f
 .text          0x00000c8c       0xf0 d:/programs/embedded/sdk_win_64/sdk_win_64/winavr/bin/../lib/gcc/avr/4.3.3/avr5\libgcc.a(_unpack_sf.o)
                0x00000c8c                __unpack_f
 .text          0x00000d7c       0xb2 d:/programs/embedded/sdk_win_64/sdk_win_64/winavr/bin/../lib/gcc/avr/4.3.3/avr5\libgcc.a(_fpcmp_parts_sf.o)
                0x00000d7c                __fpcmp_parts_f
 .text          0x00000e2e        0x0 d:/programs/embedded/sdk_win_64/sdk_win_64/winavr/bin/../lib/gcc/avr/4.3.3/avr5\libgcc.a(_clz.o)
 .text          0x00000e2e        0x0 d:/programs/embedded/sdk_win_64/sdk_win_64/winavr/bin/../lib/gcc/avr/4.3.3/../../../../avr/lib/avr5\libc.a(memcpy.o)
 .text          0x00000e2e        0x0 d:/programs/embedded/sdk_win_64/sdk_win_64/winavr/bin/../lib/gcc/avr/4.3.3/../../../../avr/lib/avr5\libc.a(memset.o)
 .text          0x00000e2e        0x0 d:/programs/embedded/sdk_win_64/sdk_win_64/winavr/bin/../lib/gcc/avr/4.3.3/../../../../avr/lib/avr5\libc.a(strncpy.o)
                0x00000e2e                . = ALIGN (0x2)
 *(.text.*)
 .text.MUSART_VidInit
                0x00000e2e       0x78 ./MCAL/MUSART/MUSART_Program.o
                0x00000e2e                MUSART_VidInit
 .text.MUSART_VidSendChar
                0x00000ea6       0x34 ./MCAL/MUSART/MUSART_Program.o
                0x00000ea6                MUSART_VidSendChar
 .text.MUSART_u8ReceiveData
                0x00000eda       0x14 ./MCAL/MUSART/MUSART_Program.o
                0x00000eda                MUSART_u8ReceiveData
 .text.MUSART_VidSendString
                0x00000eee       0x52 ./MCAL/MUSART/MUSART_Program.o
                0x00000eee                MUSART_VidSendString
 .text.MUSART_VidReceiveString
                0x00000f40       0x5c ./MCAL/MUSART/MUSART_Program.o
                0x00000f40                MUSART_VidReceiveString
 .text.MUSART_VidUSART_Receive_Interrupt_Enable
                0x00000f9c       0x1c ./MCAL/MUSART/MUSART_Program.o
                0x00000f9c                MUSART_VidUSART_Receive_Interrupt_Enable
 .text.MUSART_VidSetCallBack
                0x00000fb8       0x24 ./MCAL/MUSART/MUSART_Program.o
                0x00000fb8                MUSART_VidSetCallBack
 .text.__vector_13
                0x00000fdc       0x5a ./MCAL/MUSART/MUSART_Program.o
                0x00000fdc                __vector_13
 .text.MGIE_VidEnable
                0x00001036       0x1c ./MCAL/MGIE/MGIE_Program.o
                0x00001036                MGIE_VidEnable
 .text.MGIE_VidDisable
                0x00001052       0x1c ./MCAL/MGIE/MGIE_Program.o
                0x00001052                MGIE_VidDisable
 .text.MDIO_Error_State_SetPinDirection
                0x0000106e      0x206 ./MCAL/MDIO/MDIO_Program.o
                0x0000106e                MDIO_Error_State_SetPinDirection
 .text.MDIO_Error_State_SetPortDirection
                0x00001274       0xa0 ./MCAL/MDIO/MDIO_Program.o
                0x00001274                MDIO_Error_State_SetPortDirection
 .text.MDIO_Error_State_SetPinValue
                0x00001314      0x206 ./MCAL/MDIO/MDIO_Program.o
                0x00001314                MDIO_Error_State_SetPinValue
 .text.MDIO_Error_State_SetPortValue
                0x0000151a       0x90 ./MCAL/MDIO/MDIO_Program.o
                0x0000151a                MDIO_Error_State_SetPortValue
 .text.MDIO_Error_State_GetPinValue
                0x000015aa      0x130 ./MCAL/MDIO/MDIO_Program.o
                0x000015aa                MDIO_Error_State_GetPinValue
 .text.MDIO_Error_State_SetNippleValue
                0x000016da      0x164 ./MCAL/MDIO/MDIO_Program.o
                0x000016da                MDIO_Error_State_SetNippleValue
 .text.MADC_VidInit
                0x0000183e       0x62 ./MCAL/MADC/MADC_Program.o
                0x0000183e                MADC_VidInit
 .text.MADC_VidADCInterruptEnable
                0x000018a0       0x1c ./MCAL/MADC/MADC_Program.o
                0x000018a0                MADC_VidADCInterruptEnable
 .text.MADC_u16ADC_StartConversion
                0x000018bc       0x64 ./MCAL/MADC/MADC_Program.o
                0x000018bc                MADC_u16ADC_StartConversion
 .text.MADC_u16ADC_StartConversion_With_Interrupt
                0x00001920       0x46 ./MCAL/MADC/MADC_Program.o
                0x00001920                MADC_u16ADC_StartConversion_With_Interrupt
 .text.MADC_u16ADCRead
                0x00001966       0x16 ./MCAL/MADC/MADC_Program.o
                0x00001966                MADC_u16ADCRead
 .text.MADC_VidSetCallBack
                0x0000197c       0x24 ./MCAL/MADC/MADC_Program.o
                0x0000197c                MADC_VidSetCallBack
 .text.__vector_16
                0x000019a0       0x5a ./MCAL/MADC/MADC_Program.o
                0x000019a0                __vector_16
 .text.HSTEPPER_VidInit
                0x000019fa       0x68 ./HAL/HSTEPPER/HSTEPPER_Program.o
                0x000019fa                HSTEPPER_VidInit
 .text.HSTEPPER_VidFullStepAntiClockwiseSequence
                0x00001a62      0x53c ./HAL/HSTEPPER/HSTEPPER_Program.o
                0x00001a62                HSTEPPER_VidFullStepAntiClockwiseSequence
 .text.HSTEPPER_VidFullStepClockwiseSequence
                0x00001f9e      0x53c ./HAL/HSTEPPER/HSTEPPER_Program.o
                0x00001f9e                HSTEPPER_VidFullStepClockwiseSequence
 .text.HSTEPPER_VidStop
                0x000024da       0x68 ./HAL/HSTEPPER/HSTEPPER_Program.o
                0x000024da                HSTEPPER_VidStop
 .text.HSTEPPER_VidGoToAngle
                0x00002542       0xec ./HAL/HSTEPPER/HSTEPPER_Program.o
                0x00002542                HSTEPPER_VidGoToAngle
 .text.HSTEPPER_VidRotateCycles
                0x0000262e       0x4c ./HAL/HSTEPPER/HSTEPPER_Program.o
                0x0000262e                HSTEPPER_VidRotateCycles
 .text.HKPD_VidInit
                0x0000267a       0xae ./HAL/HKPD/HKPD_Program.o
                0x0000267a                HKPD_VidInit
 .text.HKPD_u8GetKeyPressed
                0x00002728       0xb8 ./HAL/HKPD/HKPD_Program.o
                0x00002728                HKPD_u8GetKeyPressed
 .text.HCLCD_VidWriteCommand_8Bits
                0x000027e0      0x220 ./HAL/HCLCD/HCLCD_Program.o
                0x000027e0                HCLCD_VidWriteCommand_8Bits
 .text.HCLCD_Vid8Bits_Init
                0x00002a00      0x3ea ./HAL/HCLCD/HCLCD_Program.o
                0x00002a00                HCLCD_Vid8Bits_Init
 .text.HCLCD_VidWriteChar_8Bits
                0x00002dea      0x220 ./HAL/HCLCD/HCLCD_Program.o
                0x00002dea                HCLCD_VidWriteChar_8Bits
 .text.HCLCD_VidWriteString_8Bits
                0x0000300a       0x52 ./HAL/HCLCD/HCLCD_Program.o
                0x0000300a                HCLCD_VidWriteString_8Bits
 .text.HCLCD_VidWriteNumber_8Bits
                0x0000305c       0xee ./HAL/HCLCD/HCLCD_Program.o
                0x0000305c                HCLCD_VidWriteNumber_8Bits
 .text.HCLCD_VidSetPosition
                0x0000314a       0x42 ./HAL/HCLCD/HCLCD_Program.o
                0x0000314a                HCLCD_VidSetPosition
 .text.HCLCD_VidWriteCommand_4Bits
                0x0000318c      0x140 ./HAL/HCLCD/HCLCD_Program.o
                0x0000318c                HCLCD_VidWriteCommand_4Bits
 .text.HCLCD_Vid4Bits_Init
                0x000032cc      0x41c ./HAL/HCLCD/HCLCD_Program.o
                0x000032cc                HCLCD_Vid4Bits_Init
 .text.HCLCD_VidWriteChar_4Bits
                0x000036e8      0x140 ./HAL/HCLCD/HCLCD_Program.o
                0x000036e8                HCLCD_VidWriteChar_4Bits
 .text.HCLCD_VidSendChar_4Bits
                0x00003828       0x24 ./HAL/HCLCD/HCLCD_Program.o
                0x00003828                HCLCD_VidSendChar_4Bits
 .text.HCLCD_VidWriteString_4Bits
                0x0000384c       0x52 ./HAL/HCLCD/HCLCD_Program.o
                0x0000384c                HCLCD_VidWriteString_4Bits
 .text.HCLCD_VidWriteNumber_4Bits
                0x0000389e       0xee ./HAL/HCLCD/HCLCD_Program.o
                0x0000389e                HCLCD_VidWriteNumber_4Bits
 .text.HCLCD_VidSetPosition_4BitsMode
                0x0000398c       0x7e ./HAL/HCLCD/HCLCD_Program.o
                0x0000398c                HCLCD_VidSetPosition_4BitsMode
 .text.xCoRoutineCreate
                0x00003a0a      0x128 ./FreeRTOS/croutine.o
                0x00003a0a                xCoRoutineCreate
 .text.vCoRoutineAddToDelayedList
                0x00003b32       0xc2 ./FreeRTOS/croutine.o
                0x00003b32                vCoRoutineAddToDelayedList
 .text.prvCheckPendingReadyList
                0x00003bf4       0x94 ./FreeRTOS/croutine.o
 .text.prvCheckDelayedList
                0x00003c88      0x15c ./FreeRTOS/croutine.o
 .text.vCoRoutineSchedule
                0x00003de4       0xf4 ./FreeRTOS/croutine.o
                0x00003de4                vCoRoutineSchedule
 .text.prvInitialiseCoRoutineLists
                0x00003ed8       0x72 ./FreeRTOS/croutine.o
 .text.xCoRoutineRemoveFromEventList
                0x00003f4a       0x70 ./FreeRTOS/croutine.o
                0x00003f4a                xCoRoutineRemoveFromEventList
 .text.pvPortMalloc
                0x00003fba       0x8c ./FreeRTOS/heap_1.o
                0x00003fba                pvPortMalloc
 .text.vPortFree
                0x00004046       0x18 ./FreeRTOS/heap_1.o
                0x00004046                vPortFree
 .text.vPortInitialiseBlocks
                0x0000405e       0x16 ./FreeRTOS/heap_1.o
                0x0000405e                vPortInitialiseBlocks
 .text.xPortGetFreeHeapSize
                0x00004074       0x1e ./FreeRTOS/heap_1.o
                0x00004074                xPortGetFreeHeapSize
 .text.vListInitialise
                0x00004092       0x54 ./FreeRTOS/list.o
                0x00004092                vListInitialise
 .text.vListInitialiseItem
                0x000040e6       0x20 ./FreeRTOS/list.o
                0x000040e6                vListInitialiseItem
 .text.vListInsertEnd
                0x00004106       0x98 ./FreeRTOS/list.o
                0x00004106                vListInsertEnd
 .text.vListInsert
                0x0000419e       0xd8 ./FreeRTOS/list.o
                0x0000419e                vListInsert
 .text.vListRemove
                0x00004276       0x92 ./FreeRTOS/list.o
                0x00004276                vListRemove
 .text.pxPortInitialiseStack
                0x00004308      0x306 ./FreeRTOS/port.o
                0x00004308                pxPortInitialiseStack
 .text.xPortStartScheduler
                0x0000460e       0x6a ./FreeRTOS/port.o
                0x0000460e                xPortStartScheduler
 .text.vPortEndScheduler
                0x00004678        0xe ./FreeRTOS/port.o
                0x00004678                vPortEndScheduler
 .text.vPortYield
                0x00004686       0xb2 ./FreeRTOS/port.o
                0x00004686                vPortYield
 .text.vPortYieldFromTick
                0x00004738       0xb6 ./FreeRTOS/port.o
                0x00004738                vPortYieldFromTick
 .text.prvSetupTimerInterrupt
                0x000047ee       0xb8 ./FreeRTOS/port.o
 .text.__vector_7
                0x000048a6        0x6 ./FreeRTOS/port.o
                0x000048a6                __vector_7
 .text.xQueueCreate
                0x000048ac      0x152 ./FreeRTOS/queue.o
                0x000048ac                xQueueCreate
 .text.xQueueCreateMutex
                0x000049fe       0x96 ./FreeRTOS/queue.o
                0x000049fe                xQueueCreateMutex
 .text.xQueueCreateCountingSemaphore
                0x00004a94       0x3e ./FreeRTOS/queue.o
                0x00004a94                xQueueCreateCountingSemaphore
 .text.xQueueGenericSend
                0x00004ad2      0x13c ./FreeRTOS/queue.o
                0x00004ad2                xQueueGenericSend
 .text.xQueueGenericSendFromISR
                0x00004c0e       0x9a ./FreeRTOS/queue.o
                0x00004c0e                xQueueGenericSendFromISR
 .text.xQueueGenericReceive
                0x00004ca8      0x1ba ./FreeRTOS/queue.o
                0x00004ca8                xQueueGenericReceive
 .text.xQueueReceiveFromISR
                0x00004e62       0x9e ./FreeRTOS/queue.o
                0x00004e62                xQueueReceiveFromISR
 .text.uxQueueMessagesWaiting
                0x00004f00       0x30 ./FreeRTOS/queue.o
                0x00004f00                uxQueueMessagesWaiting
 .text.uxQueueMessagesWaitingFromISR
                0x00004f30       0x26 ./FreeRTOS/queue.o
                0x00004f30                uxQueueMessagesWaitingFromISR
 .text.vQueueDelete
                0x00004f56       0x2c ./FreeRTOS/queue.o
                0x00004f56                vQueueDelete
 .text.prvCopyDataToQueue
                0x00004f82      0x14c ./FreeRTOS/queue.o
 .text.prvCopyDataFromQueue
                0x000050ce       0x90 ./FreeRTOS/queue.o
 .text.prvUnlockQueue
                0x0000515e       0xa8 ./FreeRTOS/queue.o
 .text.prvIsQueueEmpty
                0x00005206       0x38 ./FreeRTOS/queue.o
 .text.xQueueIsQueueEmptyFromISR
                0x0000523e       0x2e ./FreeRTOS/queue.o
                0x0000523e                xQueueIsQueueEmptyFromISR
 .text.prvIsQueueFull
                0x0000526c       0x3e ./FreeRTOS/queue.o
 .text.xQueueIsQueueFullFromISR
                0x000052aa       0x34 ./FreeRTOS/queue.o
                0x000052aa                xQueueIsQueueFullFromISR
 .text.xTaskGenericCreate
                0x000052de      0x1da ./FreeRTOS/tasks.o
                0x000052de                xTaskGenericCreate
 .text.vTaskDelete
                0x000054b8       0xc6 ./FreeRTOS/tasks.o
                0x000054b8                vTaskDelete
 .text.vTaskDelayUntil
                0x0000557e       0xe8 ./FreeRTOS/tasks.o
                0x0000557e                vTaskDelayUntil
 .text.vTaskDelay
                0x00005666       0x6a ./FreeRTOS/tasks.o
                0x00005666                vTaskDelay
 .text.vTaskStartScheduler
                0x000056d0       0x6e ./FreeRTOS/tasks.o
                0x000056d0                vTaskStartScheduler
 .text.vTaskEndScheduler
                0x0000573e       0x18 ./FreeRTOS/tasks.o
                0x0000573e                vTaskEndScheduler
 .text.vTaskSuspendAll
                0x00005756       0x18 ./FreeRTOS/tasks.o
                0x00005756                vTaskSuspendAll
 .text.xTaskResumeAll
                0x0000576e      0x114 ./FreeRTOS/tasks.o
                0x0000576e                xTaskResumeAll
 .text.xTaskGetTickCount
                0x00005882       0x2e ./FreeRTOS/tasks.o
                0x00005882                xTaskGetTickCount
 .text.xTaskGetTickCountFromISR
                0x000058b0       0x2a ./FreeRTOS/tasks.o
                0x000058b0                xTaskGetTickCountFromISR
 .text.uxTaskGetNumberOfTasks
                0x000058da       0x12 ./FreeRTOS/tasks.o
                0x000058da                uxTaskGetNumberOfTasks
 .text.vTaskIncrementTick
                0x000058ec      0x1aa ./FreeRTOS/tasks.o
                0x000058ec                vTaskIncrementTick
 .text.vTaskSwitchContext
                0x00005a96       0xcc ./FreeRTOS/tasks.o
                0x00005a96                vTaskSwitchContext
 .text.vTaskPlaceOnEventList
                0x00005b62       0x6c ./FreeRTOS/tasks.o
                0x00005b62                vTaskPlaceOnEventList
 .text.xTaskRemoveFromEventList
                0x00005bce       0xd0 ./FreeRTOS/tasks.o
                0x00005bce                xTaskRemoveFromEventList
 .text.vTaskSetTimeOutState
                0x00005c9e       0x32 ./FreeRTOS/tasks.o
                0x00005c9e                vTaskSetTimeOutState
 .text.xTaskCheckForTimeOut
                0x00005cd0       0xba ./FreeRTOS/tasks.o
                0x00005cd0                xTaskCheckForTimeOut
 .text.vTaskMissedYield
                0x00005d8a       0x14 ./FreeRTOS/tasks.o
                0x00005d8a                vTaskMissedYield
 .text.prvIdleTask
                0x00005d9e       0x14 ./FreeRTOS/tasks.o
 .text.prvInitialiseTCBVariables
                0x00005db2       0xb6 ./FreeRTOS/tasks.o
 .text.prvInitialiseTaskLists
                0x00005e68       0x7a ./FreeRTOS/tasks.o
 .text.prvCheckTasksWaitingTermination
                0x00005ee2       0x7c ./FreeRTOS/tasks.o
 .text.prvAddCurrentTaskToDelayedList
                0x00005f5e       0x92 ./FreeRTOS/tasks.o
 .text.prvAllocateTCBAndStack
                0x00005ff0       0xa0 ./FreeRTOS/tasks.o
 .text.prvDeleteTCB
                0x00006090       0x2c ./FreeRTOS/tasks.o
 .text.xTaskGetCurrentTaskHandle
                0x000060bc       0x24 ./FreeRTOS/tasks.o
                0x000060bc                xTaskGetCurrentTaskHandle
 .text.vTaskPriorityInherit
                0x000060e0      0x100 ./FreeRTOS/tasks.o
                0x000060e0                vTaskPriorityInherit
 .text.vTaskPriorityDisinherit
                0x000061e0       0xbe ./FreeRTOS/tasks.o
                0x000061e0                vTaskPriorityDisinherit
 .text.main     0x0000629e      0x156 ./main.o
                0x0000629e                main
 .text.Credit_Entry_Button
                0x000063f4       0x4e ./main.o
                0x000063f4                Credit_Entry_Button
 .text.Get_Pressed_Key
                0x00006442      0x234 ./main.o
                0x00006442                Get_Pressed_Key
 .text.Check_User_Data
                0x00006676      0x118 ./main.o
                0x00006676                Check_User_Data
 .text.Check_Balance
                0x0000678e      0x128 ./main.o
                0x0000678e                Check_Balance
 .text.Calc     0x000068b6      0x1e8 ./main.o
                0x000068b6                Calc
 .text.APP_Output_Money
                0x00006a9e       0xbe ./main.o
                0x00006a9e                APP_Output_Money
 .text.LCD_Display
                0x00006b5c      0x274 ./main.o
                0x00006b5c                LCD_Display
 .text.libgcc   0x00006dd0       0x3e d:/programs/embedded/sdk_win_64/sdk_win_64/winavr/bin/../lib/gcc/avr/4.3.3/avr5\libgcc.a(_mulsi3.o)
                0x00006dd0                __mulsi3
 .text.libgcc   0x00006e0e       0x44 d:/programs/embedded/sdk_win_64/sdk_win_64/winavr/bin/../lib/gcc/avr/4.3.3/avr5\libgcc.a(_udivmodsi4.o)
                0x00006e0e                __udivmodsi4
 .text.libgcc   0x00006e52        0x0 d:/programs/embedded/sdk_win_64/sdk_win_64/winavr/bin/../lib/gcc/avr/4.3.3/avr5\libgcc.a(_exit.o)
 .text.libgcc   0x00006e52        0x0 d:/programs/embedded/sdk_win_64/sdk_win_64/winavr/bin/../lib/gcc/avr/4.3.3/avr5\libgcc.a(_copy_data.o)
 .text.libgcc   0x00006e52        0x0 d:/programs/embedded/sdk_win_64/sdk_win_64/winavr/bin/../lib/gcc/avr/4.3.3/avr5\libgcc.a(_clear_bss.o)
 .text.libgcc   0x00006e52       0x38 d:/programs/embedded/sdk_win_64/sdk_win_64/winavr/bin/../lib/gcc/avr/4.3.3/avr5\libgcc.a(_prologue.o)
                0x00006e52                __prologue_saves__
 .text.libgcc   0x00006e8a       0x36 d:/programs/embedded/sdk_win_64/sdk_win_64/winavr/bin/../lib/gcc/avr/4.3.3/avr5\libgcc.a(_epilogue.o)
                0x00006e8a                __epilogue_restores__
 .text.avr-libc
                0x00006ec0       0x12 d:/programs/embedded/sdk_win_64/sdk_win_64/winavr/bin/../lib/gcc/avr/4.3.3/../../../../avr/lib/avr5\libc.a(memcpy.o)
                0x00006ec0                memcpy
 .text.avr-libc
                0x00006ed2        0xe d:/programs/embedded/sdk_win_64/sdk_win_64/winavr/bin/../lib/gcc/avr/4.3.3/../../../../avr/lib/avr5\libc.a(memset.o)
                0x00006ed2                memset
 .text.avr-libc
                0x00006ee0       0x1e d:/programs/embedded/sdk_win_64/sdk_win_64/winavr/bin/../lib/gcc/avr/4.3.3/../../../../avr/lib/avr5\libc.a(strncpy.o)
                0x00006ee0                strncpy
                0x00006efe                . = ALIGN (0x2)
 *(.fini9)
 .fini9         0x00006efe        0x0 d:/programs/embedded/sdk_win_64/sdk_win_64/winavr/bin/../lib/gcc/avr/4.3.3/avr5\libgcc.a(_exit.o)
                0x00006efe                exit
                0x00006efe                _exit
 *(.fini9)
 *(.fini8)
 *(.fini8)
 *(.fini7)
 *(.fini7)
 *(.fini6)
 *(.fini6)
 *(.fini5)
 *(.fini5)
 *(.fini4)
 *(.fini4)
 *(.fini3)
 *(.fini3)
 *(.fini2)
 *(.fini2)
 *(.fini1)
 *(.fini1)
 *(.fini0)
 .fini0         0x00006efe        0x4 d:/programs/embedded/sdk_win_64/sdk_win_64/winavr/bin/../lib/gcc/avr/4.3.3/avr5\libgcc.a(_exit.o)
 *(.fini0)
                0x00006f02                _etext = .

.data           0x00800060      0x19c load address 0x00006f02
                0x00800060                PROVIDE (__data_start, .)
 *(.data)
 .data          0x00800060        0x0 d:/programs/embedded/sdk_win_64/sdk_win_64/winavr/bin/../lib/gcc/avr/4.3.3/../../../../avr/lib/avr5/crtm32.o
 .data          0x00800060        0x0 ./MCAL/MUSART/MUSART_Program.o
 .data          0x00800060        0x0 ./MCAL/MGIE/MGIE_Program.o
 .data          0x00800060        0x0 ./MCAL/MDIO/MDIO_Program.o
 .data          0x00800060        0x0 ./MCAL/MADC/MADC_Program.o
 .data          0x00800060        0x0 ./HAL/HSTEPPER/HSTEPPER_Program.o
 .data          0x00800060        0x0 ./HAL/HKPD/HKPD_Program.o
 .data          0x00800060        0x0 ./HAL/HCLCD/HCLCD_Program.o
 .data          0x00800060        0x0 ./FreeRTOS/croutine.o
 .data          0x00800060        0x0 ./FreeRTOS/heap_1.o
 .data          0x00800060        0x0 ./FreeRTOS/list.o
 .data          0x00800060        0x0 ./FreeRTOS/port.o
 .data          0x00800060        0x0 ./FreeRTOS/queue.o
 .data          0x00800060        0x5 ./FreeRTOS/tasks.o
 .data          0x00800065        0x0 ./FreeRTOS/timers.o
 .data          0x00800065       0x4e ./main.o
 .data          0x008000b3        0x0 d:/programs/embedded/sdk_win_64/sdk_win_64/winavr/bin/../lib/gcc/avr/4.3.3/avr5\libgcc.a(_mulsi3.o)
 .data          0x008000b3        0x0 d:/programs/embedded/sdk_win_64/sdk_win_64/winavr/bin/../lib/gcc/avr/4.3.3/avr5\libgcc.a(_udivmodsi4.o)
 .data          0x008000b3        0x0 d:/programs/embedded/sdk_win_64/sdk_win_64/winavr/bin/../lib/gcc/avr/4.3.3/avr5\libgcc.a(_exit.o)
 .data          0x008000b3        0x0 d:/programs/embedded/sdk_win_64/sdk_win_64/winavr/bin/../lib/gcc/avr/4.3.3/avr5\libgcc.a(_copy_data.o)
 .data          0x008000b3        0x0 d:/programs/embedded/sdk_win_64/sdk_win_64/winavr/bin/../lib/gcc/avr/4.3.3/avr5\libgcc.a(_clear_bss.o)
 .data          0x008000b3        0x0 d:/programs/embedded/sdk_win_64/sdk_win_64/winavr/bin/../lib/gcc/avr/4.3.3/avr5\libgcc.a(_fixunssfsi.o)
 .data          0x008000b3        0x0 d:/programs/embedded/sdk_win_64/sdk_win_64/winavr/bin/../lib/gcc/avr/4.3.3/avr5\libgcc.a(_addsub_sf.o)
 .data          0x008000b3        0x0 d:/programs/embedded/sdk_win_64/sdk_win_64/winavr/bin/../lib/gcc/avr/4.3.3/avr5\libgcc.a(_mul_sf.o)
 .data          0x008000b3        0x0 d:/programs/embedded/sdk_win_64/sdk_win_64/winavr/bin/../lib/gcc/avr/4.3.3/avr5\libgcc.a(_div_sf.o)
 .data          0x008000b3        0x0 d:/programs/embedded/sdk_win_64/sdk_win_64/winavr/bin/../lib/gcc/avr/4.3.3/avr5\libgcc.a(_gt_sf.o)
 .data          0x008000b3        0x0 d:/programs/embedded/sdk_win_64/sdk_win_64/winavr/bin/../lib/gcc/avr/4.3.3/avr5\libgcc.a(_ge_sf.o)
 .data          0x008000b3        0x0 d:/programs/embedded/sdk_win_64/sdk_win_64/winavr/bin/../lib/gcc/avr/4.3.3/avr5\libgcc.a(_lt_sf.o)
 .data          0x008000b3        0x0 d:/programs/embedded/sdk_win_64/sdk_win_64/winavr/bin/../lib/gcc/avr/4.3.3/avr5\libgcc.a(_sf_to_si.o)
 .data          0x008000b3        0x8 d:/programs/embedded/sdk_win_64/sdk_win_64/winavr/bin/../lib/gcc/avr/4.3.3/avr5\libgcc.a(_thenan_sf.o)
                0x008000b3                __thenan_sf
 .data          0x008000bb        0x0 d:/programs/embedded/sdk_win_64/sdk_win_64/winavr/bin/../lib/gcc/avr/4.3.3/avr5\libgcc.a(_usi_to_sf.o)
 .data          0x008000bb        0x0 d:/programs/embedded/sdk_win_64/sdk_win_64/winavr/bin/../lib/gcc/avr/4.3.3/avr5\libgcc.a(_prologue.o)
 .data          0x008000bb        0x0 d:/programs/embedded/sdk_win_64/sdk_win_64/winavr/bin/../lib/gcc/avr/4.3.3/avr5\libgcc.a(_epilogue.o)
 .data          0x008000bb        0x0 d:/programs/embedded/sdk_win_64/sdk_win_64/winavr/bin/../lib/gcc/avr/4.3.3/avr5\libgcc.a(_clzsi2.o)
 .data          0x008000bb        0x0 d:/programs/embedded/sdk_win_64/sdk_win_64/winavr/bin/../lib/gcc/avr/4.3.3/avr5\libgcc.a(_pack_sf.o)
 .data          0x008000bb        0x0 d:/programs/embedded/sdk_win_64/sdk_win_64/winavr/bin/../lib/gcc/avr/4.3.3/avr5\libgcc.a(_unpack_sf.o)
 .data          0x008000bb        0x0 d:/programs/embedded/sdk_win_64/sdk_win_64/winavr/bin/../lib/gcc/avr/4.3.3/avr5\libgcc.a(_fpcmp_parts_sf.o)
 .data          0x008000bb      0x100 d:/programs/embedded/sdk_win_64/sdk_win_64/winavr/bin/../lib/gcc/avr/4.3.3/avr5\libgcc.a(_clz.o)
                0x008000bb                __clz_tab
 .data          0x008001bb        0x0 d:/programs/embedded/sdk_win_64/sdk_win_64/winavr/bin/../lib/gcc/avr/4.3.3/../../../../avr/lib/avr5\libc.a(memcpy.o)
 .data          0x008001bb        0x0 d:/programs/embedded/sdk_win_64/sdk_win_64/winavr/bin/../lib/gcc/avr/4.3.3/../../../../avr/lib/avr5\libc.a(memset.o)
 .data          0x008001bb        0x0 d:/programs/embedded/sdk_win_64/sdk_win_64/winavr/bin/../lib/gcc/avr/4.3.3/../../../../avr/lib/avr5\libc.a(strncpy.o)
 *(.data*)
 .data.xNextTaskUnblockTime
                0x008001bb        0x2 ./FreeRTOS/tasks.o
 .data.BANK_DATA
                0x008001bd        0x8 ./main.o
                0x008001bd                BANK_DATA
 .data.USER_ARR
                0x008001c5       0x19 ./main.o
                0x008001c5                USER_ARR
 .data.Stepper  0x008001de        0x8 ./main.o
                0x008001de                Stepper
 .data.Loc_u8Btn_State.1614
                0x008001e6        0x1 ./main.o
 .data.Loc_u8Entry_count.1625
                0x008001e7        0x1 ./main.o
 .data.Loc_u8UserAvailableFlag.1703
                0x008001e8        0x1 ./main.o
 .data.pos3.1845
                0x008001e9        0x1 ./main.o
 .data.pos2.1844
                0x008001ea        0x1 ./main.o
 .data.pos.1843
                0x008001eb        0x1 ./main.o
 *(.rodata)
 *(.rodata*)
 .rodata.KPD_u8SwitchVal
                0x008001ec       0x10 ./HAL/HKPD/HKPD_Program.o
                0x008001ec                KPD_u8SwitchVal
 *(.gnu.linkonce.d*)
                0x008001fc                . = ALIGN (0x2)
                0x008001fc                _edata = .
                0x008001fc                PROVIDE (__data_end, .)

.bss            0x008001fc      0x5f8
                0x008001fc                PROVIDE (__bss_start, .)
 *(.bss)
 .bss           0x008001fc        0x0 d:/programs/embedded/sdk_win_64/sdk_win_64/winavr/bin/../lib/gcc/avr/4.3.3/../../../../avr/lib/avr5/crtm32.o
 .bss           0x008001fc        0x0 ./MCAL/MUSART/MUSART_Program.o
 .bss           0x008001fc        0x0 ./MCAL/MGIE/MGIE_Program.o
 .bss           0x008001fc        0x0 ./MCAL/MDIO/MDIO_Program.o
 .bss           0x008001fc        0x0 ./MCAL/MADC/MADC_Program.o
 .bss           0x008001fc        0x0 ./HAL/HSTEPPER/HSTEPPER_Program.o
 .bss           0x008001fc        0x0 ./HAL/HKPD/HKPD_Program.o
 .bss           0x008001fc        0x0 ./HAL/HCLCD/HCLCD_Program.o
 .bss           0x008001fc        0x0 ./FreeRTOS/croutine.o
 .bss           0x008001fc        0x0 ./FreeRTOS/heap_1.o
 .bss           0x008001fc        0x0 ./FreeRTOS/list.o
 .bss           0x008001fc        0x0 ./FreeRTOS/port.o
 .bss           0x008001fc        0x0 ./FreeRTOS/queue.o
 .bss           0x008001fc        0x0 ./FreeRTOS/tasks.o
 .bss           0x008001fc        0x0 ./FreeRTOS/timers.o
 .bss           0x008001fc        0x0 ./main.o
 .bss           0x008001fc        0x0 d:/programs/embedded/sdk_win_64/sdk_win_64/winavr/bin/../lib/gcc/avr/4.3.3/avr5\libgcc.a(_mulsi3.o)
 .bss           0x008001fc        0x0 d:/programs/embedded/sdk_win_64/sdk_win_64/winavr/bin/../lib/gcc/avr/4.3.3/avr5\libgcc.a(_udivmodsi4.o)
 .bss           0x008001fc        0x0 d:/programs/embedded/sdk_win_64/sdk_win_64/winavr/bin/../lib/gcc/avr/4.3.3/avr5\libgcc.a(_exit.o)
 .bss           0x008001fc        0x0 d:/programs/embedded/sdk_win_64/sdk_win_64/winavr/bin/../lib/gcc/avr/4.3.3/avr5\libgcc.a(_copy_data.o)
 .bss           0x008001fc        0x0 d:/programs/embedded/sdk_win_64/sdk_win_64/winavr/bin/../lib/gcc/avr/4.3.3/avr5\libgcc.a(_clear_bss.o)
 .bss           0x008001fc        0x0 d:/programs/embedded/sdk_win_64/sdk_win_64/winavr/bin/../lib/gcc/avr/4.3.3/avr5\libgcc.a(_fixunssfsi.o)
 .bss           0x008001fc        0x0 d:/programs/embedded/sdk_win_64/sdk_win_64/winavr/bin/../lib/gcc/avr/4.3.3/avr5\libgcc.a(_addsub_sf.o)
 .bss           0x008001fc        0x0 d:/programs/embedded/sdk_win_64/sdk_win_64/winavr/bin/../lib/gcc/avr/4.3.3/avr5\libgcc.a(_mul_sf.o)
 .bss           0x008001fc        0x0 d:/programs/embedded/sdk_win_64/sdk_win_64/winavr/bin/../lib/gcc/avr/4.3.3/avr5\libgcc.a(_div_sf.o)
 .bss           0x008001fc        0x0 d:/programs/embedded/sdk_win_64/sdk_win_64/winavr/bin/../lib/gcc/avr/4.3.3/avr5\libgcc.a(_gt_sf.o)
 .bss           0x008001fc        0x0 d:/programs/embedded/sdk_win_64/sdk_win_64/winavr/bin/../lib/gcc/avr/4.3.3/avr5\libgcc.a(_ge_sf.o)
 .bss           0x008001fc        0x0 d:/programs/embedded/sdk_win_64/sdk_win_64/winavr/bin/../lib/gcc/avr/4.3.3/avr5\libgcc.a(_lt_sf.o)
 .bss           0x008001fc        0x0 d:/programs/embedded/sdk_win_64/sdk_win_64/winavr/bin/../lib/gcc/avr/4.3.3/avr5\libgcc.a(_sf_to_si.o)
 .bss           0x008001fc        0x0 d:/programs/embedded/sdk_win_64/sdk_win_64/winavr/bin/../lib/gcc/avr/4.3.3/avr5\libgcc.a(_thenan_sf.o)
 .bss           0x008001fc        0x0 d:/programs/embedded/sdk_win_64/sdk_win_64/winavr/bin/../lib/gcc/avr/4.3.3/avr5\libgcc.a(_usi_to_sf.o)
 .bss           0x008001fc        0x0 d:/programs/embedded/sdk_win_64/sdk_win_64/winavr/bin/../lib/gcc/avr/4.3.3/avr5\libgcc.a(_prologue.o)
 .bss           0x008001fc        0x0 d:/programs/embedded/sdk_win_64/sdk_win_64/winavr/bin/../lib/gcc/avr/4.3.3/avr5\libgcc.a(_epilogue.o)
 .bss           0x008001fc        0x0 d:/programs/embedded/sdk_win_64/sdk_win_64/winavr/bin/../lib/gcc/avr/4.3.3/avr5\libgcc.a(_clzsi2.o)
 .bss           0x008001fc        0x0 d:/programs/embedded/sdk_win_64/sdk_win_64/winavr/bin/../lib/gcc/avr/4.3.3/avr5\libgcc.a(_pack_sf.o)
 .bss           0x008001fc        0x0 d:/programs/embedded/sdk_win_64/sdk_win_64/winavr/bin/../lib/gcc/avr/4.3.3/avr5\libgcc.a(_unpack_sf.o)
 .bss           0x008001fc        0x0 d:/programs/embedded/sdk_win_64/sdk_win_64/winavr/bin/../lib/gcc/avr/4.3.3/avr5\libgcc.a(_fpcmp_parts_sf.o)
 .bss           0x008001fc        0x0 d:/programs/embedded/sdk_win_64/sdk_win_64/winavr/bin/../lib/gcc/avr/4.3.3/avr5\libgcc.a(_clz.o)
 .bss           0x008001fc        0x0 d:/programs/embedded/sdk_win_64/sdk_win_64/winavr/bin/../lib/gcc/avr/4.3.3/../../../../avr/lib/avr5\libc.a(memcpy.o)
 .bss           0x008001fc        0x0 d:/programs/embedded/sdk_win_64/sdk_win_64/winavr/bin/../lib/gcc/avr/4.3.3/../../../../avr/lib/avr5\libc.a(memset.o)
 .bss           0x008001fc        0x0 d:/programs/embedded/sdk_win_64/sdk_win_64/winavr/bin/../lib/gcc/avr/4.3.3/../../../../avr/lib/avr5\libc.a(strncpy.o)
 *(.bss*)
 .bss.pxCurrentCoRoutine
                0x008001fc        0x2 ./FreeRTOS/croutine.o
                0x008001fc                pxCurrentCoRoutine
 .bss.uxTopCoRoutineReadyPriority
                0x008001fe        0x1 ./FreeRTOS/croutine.o
 .bss.xCoRoutineTickCount
                0x008001ff        0x2 ./FreeRTOS/croutine.o
 .bss.xLastTickCount
                0x00800201        0x2 ./FreeRTOS/croutine.o
 .bss.xPassedTicks
                0x00800203        0x2 ./FreeRTOS/croutine.o
 .bss.pxReadyCoRoutineLists
                0x00800205       0x12 ./FreeRTOS/croutine.o
 .bss.xDelayedCoRoutineList1
                0x00800217        0x9 ./FreeRTOS/croutine.o
 .bss.xDelayedCoRoutineList2
                0x00800220        0x9 ./FreeRTOS/croutine.o
 .bss.pxDelayedCoRoutineList
                0x00800229        0x2 ./FreeRTOS/croutine.o
 .bss.pxOverflowDelayedCoRoutineList
                0x0080022b        0x2 ./FreeRTOS/croutine.o
 .bss.xPendingReadyCoRoutineList
                0x0080022d        0x9 ./FreeRTOS/croutine.o
 .bss.xNextFreeByte
                0x00800236        0x2 ./FreeRTOS/heap_1.o
 .bss.xHeap     0x00800238      0x514 ./FreeRTOS/heap_1.o
 .bss.pxCurrentTCB
                0x0080074c        0x2 ./FreeRTOS/tasks.o
                0x0080074c                pxCurrentTCB
 .bss.uxTasksDeleted
                0x0080074e        0x1 ./FreeRTOS/tasks.o
 .bss.uxCurrentNumberOfTasks
                0x0080074f        0x1 ./FreeRTOS/tasks.o
 .bss.xTickCount
                0x00800750        0x2 ./FreeRTOS/tasks.o
 .bss.uxTopUsedPriority
                0x00800752        0x1 ./FreeRTOS/tasks.o
 .bss.uxTopReadyPriority
                0x00800753        0x1 ./FreeRTOS/tasks.o
 .bss.xSchedulerRunning
                0x00800754        0x1 ./FreeRTOS/tasks.o
 .bss.uxSchedulerSuspended
                0x00800755        0x1 ./FreeRTOS/tasks.o
 .bss.uxMissedTicks
                0x00800756        0x1 ./FreeRTOS/tasks.o
 .bss.xMissedYield
                0x00800757        0x1 ./FreeRTOS/tasks.o
 .bss.xNumOfOverflows
                0x00800758        0x1 ./FreeRTOS/tasks.o
 .bss.uxTaskNumber
                0x00800759        0x1 ./FreeRTOS/tasks.o
 .bss.pxReadyTasksLists
                0x0080075a       0x48 ./FreeRTOS/tasks.o
 .bss.xDelayedTaskList1
                0x008007a2        0x9 ./FreeRTOS/tasks.o
 .bss.xDelayedTaskList2
                0x008007ab        0x9 ./FreeRTOS/tasks.o
 .bss.pxDelayedTaskList
                0x008007b4        0x2 ./FreeRTOS/tasks.o
 .bss.pxOverflowDelayedTaskList
                0x008007b6        0x2 ./FreeRTOS/tasks.o
 .bss.xPendingReadyList
                0x008007b8        0x9 ./FreeRTOS/tasks.o
 .bss.xTasksWaitingTermination
                0x008007c1        0x9 ./FreeRTOS/tasks.o
 .bss.LCD_FLAG  0x008007ca        0x1 ./main.o
                0x008007ca                LCD_FLAG
 .bss._200_papers
                0x008007cb        0x1 ./main.o
                0x008007cb                _200_papers
 .bss._100_papers
                0x008007cc        0x1 ./main.o
                0x008007cc                _100_papers
 .bss._50_papers
                0x008007cd        0x2 ./main.o
                0x008007cd                _50_papers
 .bss.Loc_u32DrawValue.1628
                0x008007cf        0x4 ./main.o
 .bss.Loc_u16Pass.1627
                0x008007d3        0x2 ./main.o
 .bss.Loc_u8ID.1626
                0x008007d5        0x1 ./main.o
 .bss.Loc_u8Location_Of_User.1742
                0x008007d6        0x1 ./main.o
 .bss.Loc_u32Balance.1741
                0x008007d7        0x4 ./main.o
 .bss.Loc_u32Draw.1740
                0x008007db        0x4 ./main.o
 .bss.Loc_u8UserLocation.1773
                0x008007df        0x1 ./main.o
 .bss.prev_state.1846
                0x008007e0        0x1 ./main.o
 *(COMMON)
 COMMON         0x008007e1        0x2 ./MCAL/MUSART/MUSART_Program.o
                0x008007e1                MUSART_CallBack
 COMMON         0x008007e3        0x2 ./MCAL/MADC/MADC_Program.o
                0x008007e3                MADC_CallBack
 COMMON         0x008007e5        0xf ./main.o
                0x008007e5                Entry_sem
                0x008007e7                KEYPAD_FLAG
                0x008007e8                CheckData_To_Balance_Queue
                0x008007ea                Keypad_To_CheckData_Queue1
                0x008007ec                Keypad_To_LCD_Queue
                0x008007ee                Keypad_To_CheckData_Queue2
                0x008007f0                CheckBalance_To_Calculation_Queue
                0x008007f2                Keypad_To_CheckBalance_Queue
                0x008007f4                PROVIDE (__bss_end, .)
                0x00006f02                __data_load_start = LOADADDR (.data)
                0x0000709e                __data_load_end = (__data_load_start + SIZEOF (.data))

.noinit         0x008007f4        0x0
                0x008007f4                PROVIDE (__noinit_start, .)
 *(.noinit*)
                0x008007f4                PROVIDE (__noinit_end, .)
                0x008007f4                _end = .
                0x008007f4                PROVIDE (__heap_start, .)

.eeprom         0x00810000        0x0
 *(.eeprom*)
                0x00810000                __eeprom_end = .

.fuse
 *(.fuse)
 *(.lfuse)
 *(.hfuse)
 *(.efuse)

.lock
 *(.lock*)

.signature
 *(.signature*)

.stab           0x00000000     0x8a18
 *(.stab)
 .stab          0x00000000      0x498 ./MCAL/MUSART/MUSART_Program.o
 .stab          0x00000498      0x1e0 ./MCAL/MGIE/MGIE_Program.o
                                0x1ec (size before relaxing)
 .stab          0x00000678      0x888 ./MCAL/MDIO/MDIO_Program.o
                                0x894 (size before relaxing)
 .stab          0x00000f00      0x39c ./MCAL/MADC/MADC_Program.o
                                0x3a8 (size before relaxing)
 .stab          0x0000129c      0xdec ./HAL/HSTEPPER/HSTEPPER_Program.o
                                0xdf8 (size before relaxing)
 .stab          0x00002088      0x3cc ./HAL/HKPD/HKPD_Program.o
                                0x564 (size before relaxing)
 .stab          0x00002454     0x1344 ./HAL/HCLCD/HCLCD_Program.o
                               0x14dc (size before relaxing)
 .stab          0x00003798      0x9b4 ./FreeRTOS/croutine.o
                                0xb40 (size before relaxing)
 .stab          0x0000414c      0x354 ./FreeRTOS/heap_1.o
                                0x624 (size before relaxing)
 .stab          0x000044a0      0x474 ./FreeRTOS/list.o
                                0x750 (size before relaxing)
 .stab          0x00004914      0x840 ./FreeRTOS/port.o
                                0xb70 (size before relaxing)
 .stab          0x00005154     0x108c ./FreeRTOS/queue.o
                               0x13c8 (size before relaxing)
 .stab          0x000061e0     0x1740 ./FreeRTOS/tasks.o
                               0x1998 (size before relaxing)
 .stab          0x00007920      0x1c8 ./FreeRTOS/timers.o
                                0x4c8 (size before relaxing)
 .stab          0x00007ae8      0xf30 ./main.o
                               0x1284 (size before relaxing)

.stabstr        0x00000000     0x40f8
 *(.stabstr)
 .stabstr       0x00000000     0x40f8 ./MCAL/MUSART/MUSART_Program.o

.stab.excl
 *(.stab.excl)

.stab.exclstr
 *(.stab.exclstr)

.stab.index
 *(.stab.index)

.stab.indexstr
 *(.stab.indexstr)

.comment
 *(.comment)

.debug
 *(.debug)

.line
 *(.line)

.debug_srcinfo
 *(.debug_srcinfo)

.debug_sfnames
 *(.debug_sfnames)

.debug_aranges  0x00000000      0x1a0
 *(.debug_aranges)
 .debug_aranges
                0x00000000       0x20 d:/programs/embedded/sdk_win_64/sdk_win_64/winavr/bin/../lib/gcc/avr/4.3.3/avr5\libgcc.a(_fixunssfsi.o)
 .debug_aranges
                0x00000020       0x20 d:/programs/embedded/sdk_win_64/sdk_win_64/winavr/bin/../lib/gcc/avr/4.3.3/avr5\libgcc.a(_addsub_sf.o)
 .debug_aranges
                0x00000040       0x20 d:/programs/embedded/sdk_win_64/sdk_win_64/winavr/bin/../lib/gcc/avr/4.3.3/avr5\libgcc.a(_mul_sf.o)
 .debug_aranges
                0x00000060       0x20 d:/programs/embedded/sdk_win_64/sdk_win_64/winavr/bin/../lib/gcc/avr/4.3.3/avr5\libgcc.a(_div_sf.o)
 .debug_aranges
                0x00000080       0x20 d:/programs/embedded/sdk_win_64/sdk_win_64/winavr/bin/../lib/gcc/avr/4.3.3/avr5\libgcc.a(_gt_sf.o)
 .debug_aranges
                0x000000a0       0x20 d:/programs/embedded/sdk_win_64/sdk_win_64/winavr/bin/../lib/gcc/avr/4.3.3/avr5\libgcc.a(_ge_sf.o)
 .debug_aranges
                0x000000c0       0x20 d:/programs/embedded/sdk_win_64/sdk_win_64/winavr/bin/../lib/gcc/avr/4.3.3/avr5\libgcc.a(_lt_sf.o)
 .debug_aranges
                0x000000e0       0x20 d:/programs/embedded/sdk_win_64/sdk_win_64/winavr/bin/../lib/gcc/avr/4.3.3/avr5\libgcc.a(_sf_to_si.o)
 .debug_aranges
                0x00000100       0x20 d:/programs/embedded/sdk_win_64/sdk_win_64/winavr/bin/../lib/gcc/avr/4.3.3/avr5\libgcc.a(_usi_to_sf.o)
 .debug_aranges
                0x00000120       0x20 d:/programs/embedded/sdk_win_64/sdk_win_64/winavr/bin/../lib/gcc/avr/4.3.3/avr5\libgcc.a(_clzsi2.o)
 .debug_aranges
                0x00000140       0x20 d:/programs/embedded/sdk_win_64/sdk_win_64/winavr/bin/../lib/gcc/avr/4.3.3/avr5\libgcc.a(_pack_sf.o)
 .debug_aranges
                0x00000160       0x20 d:/programs/embedded/sdk_win_64/sdk_win_64/winavr/bin/../lib/gcc/avr/4.3.3/avr5\libgcc.a(_unpack_sf.o)
 .debug_aranges
                0x00000180       0x20 d:/programs/embedded/sdk_win_64/sdk_win_64/winavr/bin/../lib/gcc/avr/4.3.3/avr5\libgcc.a(_fpcmp_parts_sf.o)

.debug_pubnames
                0x00000000      0x1f2
 *(.debug_pubnames)
 .debug_pubnames
                0x00000000       0x23 d:/programs/embedded/sdk_win_64/sdk_win_64/winavr/bin/../lib/gcc/avr/4.3.3/avr5\libgcc.a(_fixunssfsi.o)
 .debug_pubnames
                0x00000023       0x2c d:/programs/embedded/sdk_win_64/sdk_win_64/winavr/bin/../lib/gcc/avr/4.3.3/avr5\libgcc.a(_addsub_sf.o)
 .debug_pubnames
                0x0000004f       0x1f d:/programs/embedded/sdk_win_64/sdk_win_64/winavr/bin/../lib/gcc/avr/4.3.3/avr5\libgcc.a(_mul_sf.o)
 .debug_pubnames
                0x0000006e       0x1f d:/programs/embedded/sdk_win_64/sdk_win_64/winavr/bin/../lib/gcc/avr/4.3.3/avr5\libgcc.a(_div_sf.o)
 .debug_pubnames
                0x0000008d       0x1e d:/programs/embedded/sdk_win_64/sdk_win_64/winavr/bin/../lib/gcc/avr/4.3.3/avr5\libgcc.a(_gt_sf.o)
 .debug_pubnames
                0x000000ab       0x1e d:/programs/embedded/sdk_win_64/sdk_win_64/winavr/bin/../lib/gcc/avr/4.3.3/avr5\libgcc.a(_ge_sf.o)
 .debug_pubnames
                0x000000c9       0x1e d:/programs/embedded/sdk_win_64/sdk_win_64/winavr/bin/../lib/gcc/avr/4.3.3/avr5\libgcc.a(_lt_sf.o)
 .debug_pubnames
                0x000000e7       0x20 d:/programs/embedded/sdk_win_64/sdk_win_64/winavr/bin/../lib/gcc/avr/4.3.3/avr5\libgcc.a(_sf_to_si.o)
 .debug_pubnames
                0x00000107       0x22 d:/programs/embedded/sdk_win_64/sdk_win_64/winavr/bin/../lib/gcc/avr/4.3.3/avr5\libgcc.a(_thenan_sf.o)
 .debug_pubnames
                0x00000129       0x24 d:/programs/embedded/sdk_win_64/sdk_win_64/winavr/bin/../lib/gcc/avr/4.3.3/avr5\libgcc.a(_usi_to_sf.o)
 .debug_pubnames
                0x0000014d       0x1f d:/programs/embedded/sdk_win_64/sdk_win_64/winavr/bin/../lib/gcc/avr/4.3.3/avr5\libgcc.a(_clzsi2.o)
 .debug_pubnames
                0x0000016c       0x1f d:/programs/embedded/sdk_win_64/sdk_win_64/winavr/bin/../lib/gcc/avr/4.3.3/avr5\libgcc.a(_pack_sf.o)
 .debug_pubnames
                0x0000018b       0x21 d:/programs/embedded/sdk_win_64/sdk_win_64/winavr/bin/../lib/gcc/avr/4.3.3/avr5\libgcc.a(_unpack_sf.o)
 .debug_pubnames
                0x000001ac       0x26 d:/programs/embedded/sdk_win_64/sdk_win_64/winavr/bin/../lib/gcc/avr/4.3.3/avr5\libgcc.a(_fpcmp_parts_sf.o)
 .debug_pubnames
                0x000001d2       0x20 d:/programs/embedded/sdk_win_64/sdk_win_64/winavr/bin/../lib/gcc/avr/4.3.3/avr5\libgcc.a(_clz.o)

.debug_info     0x00000000     0x240b
 *(.debug_info)
 .debug_info    0x00000000       0xb1 d:/programs/embedded/sdk_win_64/sdk_win_64/winavr/bin/../lib/gcc/avr/4.3.3/avr5\libgcc.a(_fixunssfsi.o)
 .debug_info    0x000000b1      0x47a d:/programs/embedded/sdk_win_64/sdk_win_64/winavr/bin/../lib/gcc/avr/4.3.3/avr5\libgcc.a(_addsub_sf.o)
 .debug_info    0x0000052b      0x485 d:/programs/embedded/sdk_win_64/sdk_win_64/winavr/bin/../lib/gcc/avr/4.3.3/avr5\libgcc.a(_mul_sf.o)
 .debug_info    0x000009b0      0x3fc d:/programs/embedded/sdk_win_64/sdk_win_64/winavr/bin/../lib/gcc/avr/4.3.3/avr5\libgcc.a(_div_sf.o)
 .debug_info    0x00000dac      0x27f d:/programs/embedded/sdk_win_64/sdk_win_64/winavr/bin/../lib/gcc/avr/4.3.3/avr5\libgcc.a(_gt_sf.o)
 .debug_info    0x0000102b      0x27f d:/programs/embedded/sdk_win_64/sdk_win_64/winavr/bin/../lib/gcc/avr/4.3.3/avr5\libgcc.a(_ge_sf.o)
 .debug_info    0x000012aa      0x27f d:/programs/embedded/sdk_win_64/sdk_win_64/winavr/bin/../lib/gcc/avr/4.3.3/avr5\libgcc.a(_lt_sf.o)
 .debug_info    0x00001529      0x2b0 d:/programs/embedded/sdk_win_64/sdk_win_64/winavr/bin/../lib/gcc/avr/4.3.3/avr5\libgcc.a(_sf_to_si.o)
 .debug_info    0x000017d9      0x12c d:/programs/embedded/sdk_win_64/sdk_win_64/winavr/bin/../lib/gcc/avr/4.3.3/avr5\libgcc.a(_thenan_sf.o)
 .debug_info    0x00001905      0x206 d:/programs/embedded/sdk_win_64/sdk_win_64/winavr/bin/../lib/gcc/avr/4.3.3/avr5\libgcc.a(_usi_to_sf.o)
 .debug_info    0x00001b0b      0x117 d:/programs/embedded/sdk_win_64/sdk_win_64/winavr/bin/../lib/gcc/avr/4.3.3/avr5\libgcc.a(_clzsi2.o)
 .debug_info    0x00001c22      0x2df d:/programs/embedded/sdk_win_64/sdk_win_64/winavr/bin/../lib/gcc/avr/4.3.3/avr5\libgcc.a(_pack_sf.o)
 .debug_info    0x00001f01      0x251 d:/programs/embedded/sdk_win_64/sdk_win_64/winavr/bin/../lib/gcc/avr/4.3.3/avr5\libgcc.a(_unpack_sf.o)
 .debug_info    0x00002152      0x210 d:/programs/embedded/sdk_win_64/sdk_win_64/winavr/bin/../lib/gcc/avr/4.3.3/avr5\libgcc.a(_fpcmp_parts_sf.o)
 .debug_info    0x00002362       0xa9 d:/programs/embedded/sdk_win_64/sdk_win_64/winavr/bin/../lib/gcc/avr/4.3.3/avr5\libgcc.a(_clz.o)
 *(.gnu.linkonce.wi.*)

.debug_abbrev   0x00000000     0x1386
 *(.debug_abbrev)
 .debug_abbrev  0x00000000       0x5d d:/programs/embedded/sdk_win_64/sdk_win_64/winavr/bin/../lib/gcc/avr/4.3.3/avr5\libgcc.a(_fixunssfsi.o)
 .debug_abbrev  0x0000005d      0x1ea d:/programs/embedded/sdk_win_64/sdk_win_64/winavr/bin/../lib/gcc/avr/4.3.3/avr5\libgcc.a(_addsub_sf.o)
 .debug_abbrev  0x00000247      0x21b d:/programs/embedded/sdk_win_64/sdk_win_64/winavr/bin/../lib/gcc/avr/4.3.3/avr5\libgcc.a(_mul_sf.o)
 .debug_abbrev  0x00000462      0x216 d:/programs/embedded/sdk_win_64/sdk_win_64/winavr/bin/../lib/gcc/avr/4.3.3/avr5\libgcc.a(_div_sf.o)
 .debug_abbrev  0x00000678      0x15a d:/programs/embedded/sdk_win_64/sdk_win_64/winavr/bin/../lib/gcc/avr/4.3.3/avr5\libgcc.a(_gt_sf.o)
 .debug_abbrev  0x000007d2      0x15a d:/programs/embedded/sdk_win_64/sdk_win_64/winavr/bin/../lib/gcc/avr/4.3.3/avr5\libgcc.a(_ge_sf.o)
 .debug_abbrev  0x0000092c      0x15a d:/programs/embedded/sdk_win_64/sdk_win_64/winavr/bin/../lib/gcc/avr/4.3.3/avr5\libgcc.a(_lt_sf.o)
 .debug_abbrev  0x00000a86      0x17f d:/programs/embedded/sdk_win_64/sdk_win_64/winavr/bin/../lib/gcc/avr/4.3.3/avr5\libgcc.a(_sf_to_si.o)
 .debug_abbrev  0x00000c05       0xad d:/programs/embedded/sdk_win_64/sdk_win_64/winavr/bin/../lib/gcc/avr/4.3.3/avr5\libgcc.a(_thenan_sf.o)
 .debug_abbrev  0x00000cb2      0x157 d:/programs/embedded/sdk_win_64/sdk_win_64/winavr/bin/../lib/gcc/avr/4.3.3/avr5\libgcc.a(_usi_to_sf.o)
 .debug_abbrev  0x00000e09       0xc4 d:/programs/embedded/sdk_win_64/sdk_win_64/winavr/bin/../lib/gcc/avr/4.3.3/avr5\libgcc.a(_clzsi2.o)
 .debug_abbrev  0x00000ecd      0x1c0 d:/programs/embedded/sdk_win_64/sdk_win_64/winavr/bin/../lib/gcc/avr/4.3.3/avr5\libgcc.a(_pack_sf.o)
 .debug_abbrev  0x0000108d      0x154 d:/programs/embedded/sdk_win_64/sdk_win_64/winavr/bin/../lib/gcc/avr/4.3.3/avr5\libgcc.a(_unpack_sf.o)
 .debug_abbrev  0x000011e1      0x13b d:/programs/embedded/sdk_win_64/sdk_win_64/winavr/bin/../lib/gcc/avr/4.3.3/avr5\libgcc.a(_fpcmp_parts_sf.o)
 .debug_abbrev  0x0000131c       0x6a d:/programs/embedded/sdk_win_64/sdk_win_64/winavr/bin/../lib/gcc/avr/4.3.3/avr5\libgcc.a(_clz.o)

.debug_line     0x00000000     0x11d6
 *(.debug_line)
 .debug_line    0x00000000       0xa7 d:/programs/embedded/sdk_win_64/sdk_win_64/winavr/bin/../lib/gcc/avr/4.3.3/avr5\libgcc.a(_fixunssfsi.o)
 .debug_line    0x000000a7      0x2af d:/programs/embedded/sdk_win_64/sdk_win_64/winavr/bin/../lib/gcc/avr/4.3.3/avr5\libgcc.a(_addsub_sf.o)
 .debug_line    0x00000356      0x239 d:/programs/embedded/sdk_win_64/sdk_win_64/winavr/bin/../lib/gcc/avr/4.3.3/avr5\libgcc.a(_mul_sf.o)
 .debug_line    0x0000058f      0x1d5 d:/programs/embedded/sdk_win_64/sdk_win_64/winavr/bin/../lib/gcc/avr/4.3.3/avr5\libgcc.a(_div_sf.o)
 .debug_line    0x00000764       0xd3 d:/programs/embedded/sdk_win_64/sdk_win_64/winavr/bin/../lib/gcc/avr/4.3.3/avr5\libgcc.a(_gt_sf.o)
 .debug_line    0x00000837       0xd3 d:/programs/embedded/sdk_win_64/sdk_win_64/winavr/bin/../lib/gcc/avr/4.3.3/avr5\libgcc.a(_ge_sf.o)
 .debug_line    0x0000090a       0xd3 d:/programs/embedded/sdk_win_64/sdk_win_64/winavr/bin/../lib/gcc/avr/4.3.3/avr5\libgcc.a(_lt_sf.o)
 .debug_line    0x000009dd      0x109 d:/programs/embedded/sdk_win_64/sdk_win_64/winavr/bin/../lib/gcc/avr/4.3.3/avr5\libgcc.a(_sf_to_si.o)
 .debug_line    0x00000ae6       0x90 d:/programs/embedded/sdk_win_64/sdk_win_64/winavr/bin/../lib/gcc/avr/4.3.3/avr5\libgcc.a(_thenan_sf.o)
 .debug_line    0x00000b76      0x133 d:/programs/embedded/sdk_win_64/sdk_win_64/winavr/bin/../lib/gcc/avr/4.3.3/avr5\libgcc.a(_usi_to_sf.o)
 .debug_line    0x00000ca9       0xa5 d:/programs/embedded/sdk_win_64/sdk_win_64/winavr/bin/../lib/gcc/avr/4.3.3/avr5\libgcc.a(_clzsi2.o)
 .debug_line    0x00000d4e      0x18a d:/programs/embedded/sdk_win_64/sdk_win_64/winavr/bin/../lib/gcc/avr/4.3.3/avr5\libgcc.a(_pack_sf.o)
 .debug_line    0x00000ed8      0x14b d:/programs/embedded/sdk_win_64/sdk_win_64/winavr/bin/../lib/gcc/avr/4.3.3/avr5\libgcc.a(_unpack_sf.o)
 .debug_line    0x00001023      0x137 d:/programs/embedded/sdk_win_64/sdk_win_64/winavr/bin/../lib/gcc/avr/4.3.3/avr5\libgcc.a(_fpcmp_parts_sf.o)
 .debug_line    0x0000115a       0x7c d:/programs/embedded/sdk_win_64/sdk_win_64/winavr/bin/../lib/gcc/avr/4.3.3/avr5\libgcc.a(_clz.o)

.debug_frame    0x00000000      0x1c0
 *(.debug_frame)
 .debug_frame   0x00000000       0x20 d:/programs/embedded/sdk_win_64/sdk_win_64/winavr/bin/../lib/gcc/avr/4.3.3/avr5\libgcc.a(_fixunssfsi.o)
 .debug_frame   0x00000020       0x40 d:/programs/embedded/sdk_win_64/sdk_win_64/winavr/bin/../lib/gcc/avr/4.3.3/avr5\libgcc.a(_addsub_sf.o)
 .debug_frame   0x00000060       0x20 d:/programs/embedded/sdk_win_64/sdk_win_64/winavr/bin/../lib/gcc/avr/4.3.3/avr5\libgcc.a(_mul_sf.o)
 .debug_frame   0x00000080       0x20 d:/programs/embedded/sdk_win_64/sdk_win_64/winavr/bin/../lib/gcc/avr/4.3.3/avr5\libgcc.a(_div_sf.o)
 .debug_frame   0x000000a0       0x20 d:/programs/embedded/sdk_win_64/sdk_win_64/winavr/bin/../lib/gcc/avr/4.3.3/avr5\libgcc.a(_gt_sf.o)
 .debug_frame   0x000000c0       0x20 d:/programs/embedded/sdk_win_64/sdk_win_64/winavr/bin/../lib/gcc/avr/4.3.3/avr5\libgcc.a(_ge_sf.o)
 .debug_frame   0x000000e0       0x20 d:/programs/embedded/sdk_win_64/sdk_win_64/winavr/bin/../lib/gcc/avr/4.3.3/avr5\libgcc.a(_lt_sf.o)
 .debug_frame   0x00000100       0x20 d:/programs/embedded/sdk_win_64/sdk_win_64/winavr/bin/../lib/gcc/avr/4.3.3/avr5\libgcc.a(_sf_to_si.o)
 .debug_frame   0x00000120       0x20 d:/programs/embedded/sdk_win_64/sdk_win_64/winavr/bin/../lib/gcc/avr/4.3.3/avr5\libgcc.a(_usi_to_sf.o)
 .debug_frame   0x00000140       0x20 d:/programs/embedded/sdk_win_64/sdk_win_64/winavr/bin/../lib/gcc/avr/4.3.3/avr5\libgcc.a(_clzsi2.o)
 .debug_frame   0x00000160       0x20 d:/programs/embedded/sdk_win_64/sdk_win_64/winavr/bin/../lib/gcc/avr/4.3.3/avr5\libgcc.a(_pack_sf.o)
 .debug_frame   0x00000180       0x20 d:/programs/embedded/sdk_win_64/sdk_win_64/winavr/bin/../lib/gcc/avr/4.3.3/avr5\libgcc.a(_unpack_sf.o)
 .debug_frame   0x000001a0       0x20 d:/programs/embedded/sdk_win_64/sdk_win_64/winavr/bin/../lib/gcc/avr/4.3.3/avr5\libgcc.a(_fpcmp_parts_sf.o)

.debug_str      0x00000000      0x2f6
 *(.debug_str)
 .debug_str     0x00000000       0xbf d:/programs/embedded/sdk_win_64/sdk_win_64/winavr/bin/../lib/gcc/avr/4.3.3/avr5\libgcc.a(_fixunssfsi.o)
                                 0xfe (size before relaxing)
 .debug_str     0x000000bf      0x14d d:/programs/embedded/sdk_win_64/sdk_win_64/winavr/bin/../lib/gcc/avr/4.3.3/avr5\libgcc.a(_addsub_sf.o)
                                0x206 (size before relaxing)
 .debug_str     0x0000020c       0x27 d:/programs/embedded/sdk_win_64/sdk_win_64/winavr/bin/../lib/gcc/avr/4.3.3/avr5\libgcc.a(_mul_sf.o)
                                0x1bf (size before relaxing)
 .debug_str     0x00000233       0x35 d:/programs/embedded/sdk_win_64/sdk_win_64/winavr/bin/../lib/gcc/avr/4.3.3/avr5\libgcc.a(_div_sf.o)
                                0x1c8 (size before relaxing)
 .debug_str     0x00000268        0x8 d:/programs/embedded/sdk_win_64/sdk_win_64/winavr/bin/../lib/gcc/avr/4.3.3/avr5\libgcc.a(_gt_sf.o)
                                0x195 (size before relaxing)
 .debug_str     0x00000270        0x8 d:/programs/embedded/sdk_win_64/sdk_win_64/winavr/bin/../lib/gcc/avr/4.3.3/avr5\libgcc.a(_ge_sf.o)
                                0x195 (size before relaxing)
 .debug_str     0x00000278        0x8 d:/programs/embedded/sdk_win_64/sdk_win_64/winavr/bin/../lib/gcc/avr/4.3.3/avr5\libgcc.a(_lt_sf.o)
                                0x195 (size before relaxing)
 .debug_str     0x00000280        0xa d:/programs/embedded/sdk_win_64/sdk_win_64/winavr/bin/../lib/gcc/avr/4.3.3/avr5\libgcc.a(_sf_to_si.o)
                                0x19e (size before relaxing)
 .debug_str     0x00000000      0x103 d:/programs/embedded/sdk_win_64/sdk_win_64/winavr/bin/../lib/gcc/avr/4.3.3/avr5\libgcc.a(_thenan_sf.o)
 .debug_str     0x0000028a       0x21 d:/programs/embedded/sdk_win_64/sdk_win_64/winavr/bin/../lib/gcc/avr/4.3.3/avr5\libgcc.a(_usi_to_sf.o)
                                0x177 (size before relaxing)
 .debug_str     0x000002ab       0x20 d:/programs/embedded/sdk_win_64/sdk_win_64/winavr/bin/../lib/gcc/avr/4.3.3/avr5\libgcc.a(_clzsi2.o)
                                0x111 (size before relaxing)
 .debug_str     0x000002cb       0x10 d:/programs/embedded/sdk_win_64/sdk_win_64/winavr/bin/../lib/gcc/avr/4.3.3/avr5\libgcc.a(_pack_sf.o)
                                0x19d (size before relaxing)
 .debug_str     0x000002db        0xb d:/programs/embedded/sdk_win_64/sdk_win_64/winavr/bin/../lib/gcc/avr/4.3.3/avr5\libgcc.a(_unpack_sf.o)
                                0x17f (size before relaxing)
 .debug_str     0x000002e6       0x10 d:/programs/embedded/sdk_win_64/sdk_win_64/winavr/bin/../lib/gcc/avr/4.3.3/avr5\libgcc.a(_fpcmp_parts_sf.o)
                                0x163 (size before relaxing)
 .debug_str     0x00000000       0xf4 d:/programs/embedded/sdk_win_64/sdk_win_64/winavr/bin/../lib/gcc/avr/4.3.3/avr5\libgcc.a(_clz.o)

.debug_loc      0x00000000      0x96e
 *(.debug_loc)
 .debug_loc     0x00000000       0x34 d:/programs/embedded/sdk_win_64/sdk_win_64/winavr/bin/../lib/gcc/avr/4.3.3/avr5\libgcc.a(_fixunssfsi.o)
 .debug_loc     0x00000034      0x32a d:/programs/embedded/sdk_win_64/sdk_win_64/winavr/bin/../lib/gcc/avr/4.3.3/avr5\libgcc.a(_addsub_sf.o)
 .debug_loc     0x0000035e      0x104 d:/programs/embedded/sdk_win_64/sdk_win_64/winavr/bin/../lib/gcc/avr/4.3.3/avr5\libgcc.a(_mul_sf.o)
 .debug_loc     0x00000462       0xc0 d:/programs/embedded/sdk_win_64/sdk_win_64/winavr/bin/../lib/gcc/avr/4.3.3/avr5\libgcc.a(_div_sf.o)
 .debug_loc     0x00000522       0x3c d:/programs/embedded/sdk_win_64/sdk_win_64/winavr/bin/../lib/gcc/avr/4.3.3/avr5\libgcc.a(_gt_sf.o)
 .debug_loc     0x0000055e       0x3c d:/programs/embedded/sdk_win_64/sdk_win_64/winavr/bin/../lib/gcc/avr/4.3.3/avr5\libgcc.a(_ge_sf.o)
 .debug_loc     0x0000059a       0x3c d:/programs/embedded/sdk_win_64/sdk_win_64/winavr/bin/../lib/gcc/avr/4.3.3/avr5\libgcc.a(_lt_sf.o)
 .debug_loc     0x000005d6       0x7e d:/programs/embedded/sdk_win_64/sdk_win_64/winavr/bin/../lib/gcc/avr/4.3.3/avr5\libgcc.a(_sf_to_si.o)
 .debug_loc     0x00000654       0x4c d:/programs/embedded/sdk_win_64/sdk_win_64/winavr/bin/../lib/gcc/avr/4.3.3/avr5\libgcc.a(_usi_to_sf.o)
 .debug_loc     0x000006a0       0x94 d:/programs/embedded/sdk_win_64/sdk_win_64/winavr/bin/../lib/gcc/avr/4.3.3/avr5\libgcc.a(_clzsi2.o)
 .debug_loc     0x00000734      0x13e d:/programs/embedded/sdk_win_64/sdk_win_64/winavr/bin/../lib/gcc/avr/4.3.3/avr5\libgcc.a(_pack_sf.o)
 .debug_loc     0x00000872       0xac d:/programs/embedded/sdk_win_64/sdk_win_64/winavr/bin/../lib/gcc/avr/4.3.3/avr5\libgcc.a(_unpack_sf.o)
 .debug_loc     0x0000091e       0x50 d:/programs/embedded/sdk_win_64/sdk_win_64/winavr/bin/../lib/gcc/avr/4.3.3/avr5\libgcc.a(_fpcmp_parts_sf.o)

.debug_macinfo
 *(.debug_macinfo)
OUTPUT(integration_Test.elf elf32-avr)
LOAD linker stubs

.debug_ranges   0x00000000       0x50
 .debug_ranges  0x00000000       0x50 d:/programs/embedded/sdk_win_64/sdk_win_64/winavr/bin/../lib/gcc/avr/4.3.3/avr5\libgcc.a(_mul_sf.o)
