Archive member included because of file (symbol)

d:/programs/embedded/sdk_win_64/sdk_win_64/winavr/bin/../lib/gcc/avr/4.3.3/avr5\libgcc.a(_mulsi3.o)
                              ./main.o (__mulsi3)
d:/programs/embedded/sdk_win_64/sdk_win_64/winavr/bin/../lib/gcc/avr/4.3.3/avr5\libgcc.a(_udivmodsi4.o)
                              ./HAL/HCLCD/HCLCD_Program.o (__udivmodsi4)
d:/programs/embedded/sdk_win_64/sdk_win_64/winavr/bin/../lib/gcc/avr/4.3.3/avr5\libgcc.a(_exit.o)
                              d:/programs/embedded/sdk_win_64/sdk_win_64/winavr/bin/../lib/gcc/avr/4.3.3/../../../../avr/lib/avr5/crtm32.o (exit)
d:/programs/embedded/sdk_win_64/sdk_win_64/winavr/bin/../lib/gcc/avr/4.3.3/avr5\libgcc.a(_copy_data.o)
                              ./HAL/HKPD/HKPD_Program.o (__do_copy_data)
d:/programs/embedded/sdk_win_64/sdk_win_64/winavr/bin/../lib/gcc/avr/4.3.3/avr5\libgcc.a(_clear_bss.o)
                              ./MCAL/MUSART/MUSART_Program.o (__do_clear_bss)
d:/programs/embedded/sdk_win_64/sdk_win_64/winavr/bin/../lib/gcc/avr/4.3.3/../../../../avr/lib/avr5\libc.a(memcpy.o)
                              ./FreeRTOS/queue.o (memcpy)
d:/programs/embedded/sdk_win_64/sdk_win_64/winavr/bin/../lib/gcc/avr/4.3.3/../../../../avr/lib/avr5\libc.a(memset.o)
                              ./FreeRTOS/tasks.o (memset)
d:/programs/embedded/sdk_win_64/sdk_win_64/winavr/bin/../lib/gcc/avr/4.3.3/../../../../avr/lib/avr5\libc.a(strncpy.o)
                              ./FreeRTOS/tasks.o (strncpy)

Allocating common symbols
Common symbol       size              file

Entry_sem           0x2               ./main.o
Keypad_To_CheckData_Queue1
                    0x2               ./main.o
PHONE_NUMBER        0xb               ./main.o
Keypad_To_LCD_Queue
                    0x2               ./main.o
Keypad_To_CheckData_Queue2
                    0x2               ./main.o
MADC_CallBack       0x2               ./MCAL/MADC/MADC_Program.o
MUSART_CallBack     0x2               ./MCAL/MUSART/MUSART_Program.o
Keypad_To_CheckBalance_Queue
                    0x2               ./main.o

Memory Configuration

Name             Origin             Length             Attributes
text             0x00000000         0x00020000         xr
data             0x00800060         0x0000ffa0         rw !x
eeprom           0x00810000         0x00010000         rw !x
fuse             0x00820000         0x00000400         rw !x
lock             0x00830000         0x00000400         rw !x
signature        0x00840000         0x00000400         rw !x
*default*        0x00000000         0xffffffff

Linker script and memory map

LOAD d:/programs/embedded/sdk_win_64/sdk_win_64/winavr/bin/../lib/gcc/avr/4.3.3/../../../../avr/lib/avr5/crtm32.o
LOAD ./MCAL/MUSART/MUSART_Program.o
LOAD ./MCAL/MGIE/MGIE_Program.o
LOAD ./MCAL/MDIO/MDIO_Program.o
LOAD ./MCAL/MADC/MADC_Program.o
LOAD ./HAL/HKPD/HKPD_Program.o
LOAD ./HAL/HCLCD/HCLCD_Program.o
LOAD ./FreeRTOS/croutine.o
LOAD ./FreeRTOS/heap_1.o
LOAD ./FreeRTOS/list.o
LOAD ./FreeRTOS/port.o
LOAD ./FreeRTOS/queue.o
LOAD ./FreeRTOS/tasks.o
LOAD ./FreeRTOS/timers.o
LOAD ./main.o
LOAD d:/programs/embedded/sdk_win_64/sdk_win_64/winavr/bin/../lib/gcc/avr/4.3.3/avr5\libgcc.a
LOAD d:/programs/embedded/sdk_win_64/sdk_win_64/winavr/bin/../lib/gcc/avr/4.3.3/../../../../avr/lib/avr5\libc.a
LOAD d:/programs/embedded/sdk_win_64/sdk_win_64/winavr/bin/../lib/gcc/avr/4.3.3/avr5\libgcc.a

.hash
 *(.hash)

.dynsym
 *(.dynsym)

.dynstr
 *(.dynstr)

.gnu.version
 *(.gnu.version)

.gnu.version_d
 *(.gnu.version_d)

.gnu.version_r
 *(.gnu.version_r)

.rel.init
 *(.rel.init)

.rela.init
 *(.rela.init)

.rel.text
 *(.rel.text)
 *(.rel.text.*)
 *(.rel.gnu.linkonce.t*)

.rela.text
 *(.rela.text)
 *(.rela.text.*)
 *(.rela.gnu.linkonce.t*)

.rel.fini
 *(.rel.fini)

.rela.fini
 *(.rela.fini)

.rel.rodata
 *(.rel.rodata)
 *(.rel.rodata.*)
 *(.rel.gnu.linkonce.r*)

.rela.rodata
 *(.rela.rodata)
 *(.rela.rodata.*)
 *(.rela.gnu.linkonce.r*)

.rel.data
 *(.rel.data)
 *(.rel.data.*)
 *(.rel.gnu.linkonce.d*)

.rela.data
 *(.rela.data)
 *(.rela.data.*)
 *(.rela.gnu.linkonce.d*)

.rel.ctors
 *(.rel.ctors)

.rela.ctors
 *(.rela.ctors)

.rel.dtors
 *(.rel.dtors)

.rela.dtors
 *(.rela.dtors)

.rel.got
 *(.rel.got)

.rela.got
 *(.rela.got)

.rel.bss
 *(.rel.bss)

.rela.bss
 *(.rela.bss)

.rel.plt
 *(.rel.plt)

.rela.plt
 *(.rela.plt)

.text           0x00000000     0x2714
 *(.vectors)
 .vectors       0x00000000       0x54 d:/programs/embedded/sdk_win_64/sdk_win_64/winavr/bin/../lib/gcc/avr/4.3.3/../../../../avr/lib/avr5/crtm32.o
                0x00000000                __vectors
                0x00000000                __vector_default
 *(.vectors)
 *(.progmem.gcc*)
 *(.progmem*)
                0x00000054                . = ALIGN (0x2)
                0x00000054                __trampolines_start = .
 *(.trampolines)
 .trampolines   0x00000054        0x0 linker stubs
 *(.trampolines*)
                0x00000054                __trampolines_end = .
 *(.jumptables)
 *(.jumptables*)
 *(.lowtext)
 *(.lowtext*)
                0x00000054                __ctors_start = .
 *(.ctors)
                0x00000054                __ctors_end = .
                0x00000054                __dtors_start = .
 *(.dtors)
                0x00000054                __dtors_end = .
 SORT(*)(.ctors)
 SORT(*)(.dtors)
 *(.init0)
 .init0         0x00000054        0x0 d:/programs/embedded/sdk_win_64/sdk_win_64/winavr/bin/../lib/gcc/avr/4.3.3/../../../../avr/lib/avr5/crtm32.o
                0x00000054                __init
 *(.init0)
 *(.init1)
 *(.init1)
 *(.init2)
 .init2         0x00000054        0xc d:/programs/embedded/sdk_win_64/sdk_win_64/winavr/bin/../lib/gcc/avr/4.3.3/../../../../avr/lib/avr5/crtm32.o
 *(.init2)
 *(.init3)
 *(.init3)
 *(.init4)
 .init4         0x00000060       0x16 d:/programs/embedded/sdk_win_64/sdk_win_64/winavr/bin/../lib/gcc/avr/4.3.3/avr5\libgcc.a(_copy_data.o)
                0x00000060                __do_copy_data
 .init4         0x00000076       0x10 d:/programs/embedded/sdk_win_64/sdk_win_64/winavr/bin/../lib/gcc/avr/4.3.3/avr5\libgcc.a(_clear_bss.o)
                0x00000076                __do_clear_bss
 *(.init4)
 *(.init5)
 *(.init5)
 *(.init6)
 *(.init6)
 *(.init7)
 *(.init7)
 *(.init8)
 *(.init8)
 *(.init9)
 .init9         0x00000086        0x8 d:/programs/embedded/sdk_win_64/sdk_win_64/winavr/bin/../lib/gcc/avr/4.3.3/../../../../avr/lib/avr5/crtm32.o
 *(.init9)
 *(.text)
 .text          0x0000008e        0x4 d:/programs/embedded/sdk_win_64/sdk_win_64/winavr/bin/../lib/gcc/avr/4.3.3/../../../../avr/lib/avr5/crtm32.o
                0x0000008e                __vector_1
                0x0000008e                __vector_12
                0x0000008e                __bad_interrupt
                0x0000008e                __vector_6
                0x0000008e                __vector_3
                0x0000008e                __vector_11
                0x0000008e                __vector_17
                0x0000008e                __vector_19
                0x0000008e                __vector_5
                0x0000008e                __vector_4
                0x0000008e                __vector_9
                0x0000008e                __vector_2
                0x0000008e                __vector_15
                0x0000008e                __vector_8
                0x0000008e                __vector_14
                0x0000008e                __vector_10
                0x0000008e                __vector_18
                0x0000008e                __vector_20
 .text          0x00000092        0x0 ./MCAL/MUSART/MUSART_Program.o
 .text          0x00000092        0x0 ./MCAL/MGIE/MGIE_Program.o
 .text          0x00000092        0x0 ./MCAL/MDIO/MDIO_Program.o
 .text          0x00000092        0x0 ./MCAL/MADC/MADC_Program.o
 .text          0x00000092        0x0 ./HAL/HKPD/HKPD_Program.o
 .text          0x00000092        0x0 ./HAL/HCLCD/HCLCD_Program.o
 .text          0x00000092        0x0 ./FreeRTOS/croutine.o
 .text          0x00000092        0x0 ./FreeRTOS/heap_1.o
 .text          0x00000092        0x0 ./FreeRTOS/list.o
 .text          0x00000092        0x0 ./FreeRTOS/port.o
 .text          0x00000092        0x0 ./FreeRTOS/queue.o
 .text          0x00000092        0x0 ./FreeRTOS/tasks.o
 .text          0x00000092        0x0 ./FreeRTOS/timers.o
 .text          0x00000092        0x0 ./main.o
 .text          0x00000092        0x0 d:/programs/embedded/sdk_win_64/sdk_win_64/winavr/bin/../lib/gcc/avr/4.3.3/avr5\libgcc.a(_mulsi3.o)
 .text          0x00000092        0x0 d:/programs/embedded/sdk_win_64/sdk_win_64/winavr/bin/../lib/gcc/avr/4.3.3/avr5\libgcc.a(_udivmodsi4.o)
 .text          0x00000092        0x0 d:/programs/embedded/sdk_win_64/sdk_win_64/winavr/bin/../lib/gcc/avr/4.3.3/avr5\libgcc.a(_exit.o)
 .text          0x00000092        0x0 d:/programs/embedded/sdk_win_64/sdk_win_64/winavr/bin/../lib/gcc/avr/4.3.3/avr5\libgcc.a(_copy_data.o)
 .text          0x00000092        0x0 d:/programs/embedded/sdk_win_64/sdk_win_64/winavr/bin/../lib/gcc/avr/4.3.3/avr5\libgcc.a(_clear_bss.o)
 .text          0x00000092        0x0 d:/programs/embedded/sdk_win_64/sdk_win_64/winavr/bin/../lib/gcc/avr/4.3.3/../../../../avr/lib/avr5\libc.a(memcpy.o)
 .text          0x00000092        0x0 d:/programs/embedded/sdk_win_64/sdk_win_64/winavr/bin/../lib/gcc/avr/4.3.3/../../../../avr/lib/avr5\libc.a(memset.o)
 .text          0x00000092        0x0 d:/programs/embedded/sdk_win_64/sdk_win_64/winavr/bin/../lib/gcc/avr/4.3.3/../../../../avr/lib/avr5\libc.a(strncpy.o)
                0x00000092                . = ALIGN (0x2)
 *(.text.*)
 .text.MUSART_VidInit
                0x00000092       0x10 ./MCAL/MUSART/MUSART_Program.o
                0x00000092                MUSART_VidInit
 .text.MUSART_VidSendChar
                0x000000a2        0x8 ./MCAL/MUSART/MUSART_Program.o
                0x000000a2                MUSART_VidSendChar
 .text.MUSART_u8ReceiveData
                0x000000aa        0x4 ./MCAL/MUSART/MUSART_Program.o
                0x000000aa                MUSART_u8ReceiveData
 .text.MUSART_VidSendString
                0x000000ae       0x1a ./MCAL/MUSART/MUSART_Program.o
                0x000000ae                MUSART_VidSendString
 .text.MUSART_VidReceiveString
                0x000000c8       0x18 ./MCAL/MUSART/MUSART_Program.o
                0x000000c8                MUSART_VidReceiveString
 .text.MUSART_VidUSART_Receive_Interrupt_Enable
                0x000000e0        0x4 ./MCAL/MUSART/MUSART_Program.o
                0x000000e0                MUSART_VidUSART_Receive_Interrupt_Enable
 .text.MUSART_VidSetCallBack
                0x000000e4        0xa ./MCAL/MUSART/MUSART_Program.o
                0x000000e4                MUSART_VidSetCallBack
 .text.__vector_13
                0x000000ee       0x4e ./MCAL/MUSART/MUSART_Program.o
                0x000000ee                __vector_13
 .text.MGIE_VidEnable
                0x0000013c        0x8 ./MCAL/MGIE/MGIE_Program.o
                0x0000013c                MGIE_VidEnable
 .text.MGIE_VidDisable
                0x00000144        0x8 ./MCAL/MGIE/MGIE_Program.o
                0x00000144                MGIE_VidDisable
 .text.MDIO_Error_State_SetPinDirection
                0x0000014c      0x100 ./MCAL/MDIO/MDIO_Program.o
                0x0000014c                MDIO_Error_State_SetPinDirection
 .text.MDIO_Error_State_SetPortDirection
                0x0000024c       0x32 ./MCAL/MDIO/MDIO_Program.o
                0x0000024c                MDIO_Error_State_SetPortDirection
 .text.MDIO_Error_State_SetPinValue
                0x0000027e      0x100 ./MCAL/MDIO/MDIO_Program.o
                0x0000027e                MDIO_Error_State_SetPinValue
 .text.MDIO_Error_State_SetPortValue
                0x0000037e       0x28 ./MCAL/MDIO/MDIO_Program.o
                0x0000037e                MDIO_Error_State_SetPortValue
 .text.MDIO_Error_State_GetPinValue
                0x000003a6       0x46 ./MCAL/MDIO/MDIO_Program.o
                0x000003a6                MDIO_Error_State_GetPinValue
 .text.MDIO_Error_State_SetNippleValue
                0x000003ec       0x9a ./MCAL/MDIO/MDIO_Program.o
                0x000003ec                MDIO_Error_State_SetNippleValue
 .text.MADC_VidInit
                0x00000486       0x16 ./MCAL/MADC/MADC_Program.o
                0x00000486                MADC_VidInit
 .text.MADC_VidADCInterruptEnable
                0x0000049c        0x4 ./MCAL/MADC/MADC_Program.o
                0x0000049c                MADC_VidADCInterruptEnable
 .text.MADC_u16ADC_StartConversion
                0x000004a0       0x1c ./MCAL/MADC/MADC_Program.o
                0x000004a0                MADC_u16ADC_StartConversion
 .text.MADC_u16ADC_StartConversion_With_Interrupt
                0x000004bc       0x12 ./MCAL/MADC/MADC_Program.o
                0x000004bc                MADC_u16ADC_StartConversion_With_Interrupt
 .text.MADC_u16ADCRead
                0x000004ce        0x8 ./MCAL/MADC/MADC_Program.o
                0x000004ce                MADC_u16ADCRead
 .text.MADC_VidSetCallBack
                0x000004d6        0xa ./MCAL/MADC/MADC_Program.o
                0x000004d6                MADC_VidSetCallBack
 .text.__vector_16
                0x000004e0       0x4e ./MCAL/MADC/MADC_Program.o
                0x000004e0                __vector_16
 .text.HKPD_u8GetKeyPressed
                0x0000052e       0xb4 ./HAL/HKPD/HKPD_Program.o
                0x0000052e                HKPD_u8GetKeyPressed
 .text.HKPD_VidInit
                0x000005e2       0xa2 ./HAL/HKPD/HKPD_Program.o
                0x000005e2                HKPD_VidInit
 .text.HCLCD_VidWriteChar_4Bits
                0x00000684       0x40 ./HAL/HCLCD/HCLCD_Program.o
                0x00000684                HCLCD_VidWriteChar_4Bits
 .text.HCLCD_VidSendChar_4Bits
                0x000006c4       0x16 ./HAL/HCLCD/HCLCD_Program.o
                0x000006c4                HCLCD_VidSendChar_4Bits
 .text.HCLCD_VidWriteString_4Bits
                0x000006da       0x26 ./HAL/HCLCD/HCLCD_Program.o
                0x000006da                HCLCD_VidWriteString_4Bits
 .text.HCLCD_VidWriteCommand_4Bits
                0x00000700       0x40 ./HAL/HCLCD/HCLCD_Program.o
                0x00000700                HCLCD_VidWriteCommand_4Bits
 .text.HCLCD_VidSetPosition_4BitsMode
                0x00000740       0x32 ./HAL/HCLCD/HCLCD_Program.o
                0x00000740                HCLCD_VidSetPosition_4BitsMode
 .text.HCLCD_Vid4Bits_Init
                0x00000772       0x9c ./HAL/HCLCD/HCLCD_Program.o
                0x00000772                HCLCD_Vid4Bits_Init
 .text.HCLCD_VidWriteChar_8Bits
                0x0000080e       0x4c ./HAL/HCLCD/HCLCD_Program.o
                0x0000080e                HCLCD_VidWriteChar_8Bits
 .text.HCLCD_VidWriteNumber_4Bits
                0x0000085a       0xd2 ./HAL/HCLCD/HCLCD_Program.o
                0x0000085a                HCLCD_VidWriteNumber_4Bits
 .text.HCLCD_VidWriteNumber_8Bits
                0x0000092c       0xd2 ./HAL/HCLCD/HCLCD_Program.o
                0x0000092c                HCLCD_VidWriteNumber_8Bits
 .text.HCLCD_VidWriteString_8Bits
                0x000009fe       0x26 ./HAL/HCLCD/HCLCD_Program.o
                0x000009fe                HCLCD_VidWriteString_8Bits
 .text.HCLCD_VidWriteCommand_8Bits
                0x00000a24       0x4c ./HAL/HCLCD/HCLCD_Program.o
                0x00000a24                HCLCD_VidWriteCommand_8Bits
 .text.HCLCD_VidSetPosition
                0x00000a70       0x24 ./HAL/HCLCD/HCLCD_Program.o
                0x00000a70                HCLCD_VidSetPosition
 .text.HCLCD_Vid8Bits_Init
                0x00000a94       0x5e ./HAL/HCLCD/HCLCD_Program.o
                0x00000a94                HCLCD_Vid8Bits_Init
 .text.xCoRoutineRemoveFromEventList
                0x00000af2       0x4e ./FreeRTOS/croutine.o
                0x00000af2                xCoRoutineRemoveFromEventList
 .text.vCoRoutineSchedule
                0x00000b40      0x1c0 ./FreeRTOS/croutine.o
                0x00000b40                vCoRoutineSchedule
 .text.vCoRoutineAddToDelayedList
                0x00000d00       0x7a ./FreeRTOS/croutine.o
                0x00000d00                vCoRoutineAddToDelayedList
 .text.xCoRoutineCreate
                0x00000d7a       0xf4 ./FreeRTOS/croutine.o
                0x00000d7a                xCoRoutineCreate
 .text.vPortFree
                0x00000e6e        0x2 ./FreeRTOS/heap_1.o
                0x00000e6e                vPortFree
 .text.vPortInitialiseBlocks
                0x00000e70        0xa ./FreeRTOS/heap_1.o
                0x00000e70                vPortInitialiseBlocks
 .text.xPortGetFreeHeapSize
                0x00000e7a       0x14 ./FreeRTOS/heap_1.o
                0x00000e7a                xPortGetFreeHeapSize
 .text.pvPortMalloc
                0x00000e8e       0x4e ./FreeRTOS/heap_1.o
                0x00000e8e                pvPortMalloc
 .text.vListInitialise
                0x00000edc       0x20 ./FreeRTOS/list.o
                0x00000edc                vListInitialise
 .text.vListInitialiseItem
                0x00000efc        0x8 ./FreeRTOS/list.o
                0x00000efc                vListInitialiseItem
 .text.vListInsertEnd
                0x00000f04       0x52 ./FreeRTOS/list.o
                0x00000f04                vListInsertEnd
 .text.vListInsert
                0x00000f56       0x6a ./FreeRTOS/list.o
                0x00000f56                vListInsert
 .text.vListRemove
                0x00000fc0       0x50 ./FreeRTOS/list.o
                0x00000fc0                vListRemove
 .text.pxPortInitialiseStack
                0x00001010       0x90 ./FreeRTOS/port.o
                0x00001010                pxPortInitialiseStack
 .text.xPortStartScheduler
                0x000010a0       0x6a ./FreeRTOS/port.o
                0x000010a0                xPortStartScheduler
 .text.vPortEndScheduler
                0x0000110a        0x2 ./FreeRTOS/port.o
                0x0000110a                vPortEndScheduler
 .text.vPortYieldFromTick
                0x0000110c       0xb6 ./FreeRTOS/port.o
                0x0000110c                vPortYieldFromTick
 .text.__vector_7
                0x000011c2        0x6 ./FreeRTOS/port.o
                0x000011c2                __vector_7
 .text.vPortYield
                0x000011c8       0xb2 ./FreeRTOS/port.o
                0x000011c8                vPortYield
 .text.uxQueueMessagesWaiting
                0x0000127a       0x10 ./FreeRTOS/queue.o
                0x0000127a                uxQueueMessagesWaiting
 .text.uxQueueMessagesWaitingFromISR
                0x0000128a        0x6 ./FreeRTOS/queue.o
                0x0000128a                uxQueueMessagesWaitingFromISR
 .text.xQueueIsQueueEmptyFromISR
                0x00001290       0x10 ./FreeRTOS/queue.o
                0x00001290                xQueueIsQueueEmptyFromISR
 .text.xQueueIsQueueFullFromISR
                0x000012a0       0x12 ./FreeRTOS/queue.o
                0x000012a0                xQueueIsQueueFullFromISR
 .text.vQueueDelete
                0x000012b2       0x1c ./FreeRTOS/queue.o
                0x000012b2                vQueueDelete
 .text.xQueueReceiveFromISR
                0x000012ce       0x7e ./FreeRTOS/queue.o
                0x000012ce                xQueueReceiveFromISR
 .text.prvUnlockQueue
                0x0000134c       0x80 ./FreeRTOS/queue.o
 .text.xQueueGenericReceive
                0x000013cc      0x1ca ./FreeRTOS/queue.o
                0x000013cc                xQueueGenericReceive
 .text.prvCopyDataToQueue
                0x00001596       0x98 ./FreeRTOS/queue.o
 .text.xQueueGenericSendFromISR
                0x0000162e       0x50 ./FreeRTOS/queue.o
                0x0000162e                xQueueGenericSendFromISR
 .text.xQueueGenericSend
                0x0000167e      0x148 ./FreeRTOS/queue.o
                0x0000167e                xQueueGenericSend
 .text.xQueueCreateMutex
                0x000017c6       0x58 ./FreeRTOS/queue.o
                0x000017c6                xQueueCreateMutex
 .text.xQueueCreate
                0x0000181e       0xbe ./FreeRTOS/queue.o
                0x0000181e                xQueueCreate
 .text.xQueueCreateCountingSemaphore
                0x000018dc       0x18 ./FreeRTOS/queue.o
                0x000018dc                xQueueCreateCountingSemaphore
 .text.vTaskSuspendAll
                0x000018f4        0xc ./FreeRTOS/tasks.o
                0x000018f4                vTaskSuspendAll
 .text.xTaskGetTickCount
                0x00001900       0x16 ./FreeRTOS/tasks.o
                0x00001900                xTaskGetTickCount
 .text.xTaskGetTickCountFromISR
                0x00001916        0xc ./FreeRTOS/tasks.o
                0x00001916                xTaskGetTickCountFromISR
 .text.uxTaskGetNumberOfTasks
                0x00001922        0x6 ./FreeRTOS/tasks.o
                0x00001922                uxTaskGetNumberOfTasks
 .text.vTaskSwitchContext
                0x00001928       0x84 ./FreeRTOS/tasks.o
                0x00001928                vTaskSwitchContext
 .text.vTaskSetTimeOutState
                0x000019ac       0x16 ./FreeRTOS/tasks.o
                0x000019ac                vTaskSetTimeOutState
 .text.xTaskCheckForTimeOut
                0x000019c2       0x74 ./FreeRTOS/tasks.o
                0x000019c2                xTaskCheckForTimeOut
 .text.vTaskMissedYield
                0x00001a36        0x8 ./FreeRTOS/tasks.o
                0x00001a36                vTaskMissedYield
 .text.xTaskGetCurrentTaskHandle
                0x00001a3e        0xc ./FreeRTOS/tasks.o
                0x00001a3e                xTaskGetCurrentTaskHandle
 .text.vTaskPriorityDisinherit
                0x00001a4a       0x5a ./FreeRTOS/tasks.o
                0x00001a4a                vTaskPriorityDisinherit
 .text.vTaskPriorityInherit
                0x00001aa4       0x94 ./FreeRTOS/tasks.o
                0x00001aa4                vTaskPriorityInherit
 .text.xTaskRemoveFromEventList
                0x00001b38       0x7e ./FreeRTOS/tasks.o
                0x00001b38                xTaskRemoveFromEventList
 .text.vTaskIncrementTick
                0x00001bb6      0x148 ./FreeRTOS/tasks.o
                0x00001bb6                vTaskIncrementTick
 .text.prvAddCurrentTaskToDelayedList
                0x00001cfe       0x6e ./FreeRTOS/tasks.o
 .text.vTaskPlaceOnEventList
                0x00001d6c       0x3a ./FreeRTOS/tasks.o
                0x00001d6c                vTaskPlaceOnEventList
 .text.xTaskResumeAll
                0x00001da6       0xf6 ./FreeRTOS/tasks.o
                0x00001da6                xTaskResumeAll
 .text.vTaskDelay
                0x00001e9c       0x4e ./FreeRTOS/tasks.o
                0x00001e9c                vTaskDelay
 .text.vTaskDelayUntil
                0x00001eea       0x78 ./FreeRTOS/tasks.o
                0x00001eea                vTaskDelayUntil
 .text.vTaskDelete
                0x00001f62       0x9a ./FreeRTOS/tasks.o
                0x00001f62                vTaskDelete
 .text.vTaskEndScheduler
                0x00001ffc        0xc ./FreeRTOS/tasks.o
                0x00001ffc                vTaskEndScheduler
 .text.prvIdleTask
                0x00002008       0x66 ./FreeRTOS/tasks.o
 .text.xTaskGenericCreate
                0x0000206e      0x200 ./FreeRTOS/tasks.o
                0x0000206e                xTaskGenericCreate
 .text.vTaskStartScheduler
                0x0000226e       0x56 ./FreeRTOS/tasks.o
                0x0000226e                vTaskStartScheduler
 .text.Get_Pressed_Key
                0x000022c4      0x1da ./main.o
                0x000022c4                Get_Pressed_Key
 .text.LCD_Display
                0x0000249e       0x88 ./main.o
                0x0000249e                LCD_Display
 .text.Credit_Entry_Button
                0x00002526       0x52 ./main.o
                0x00002526                Credit_Entry_Button
 .text.main     0x00002578       0xd8 ./main.o
                0x00002578                main
 .text.libgcc   0x00002650       0x3e d:/programs/embedded/sdk_win_64/sdk_win_64/winavr/bin/../lib/gcc/avr/4.3.3/avr5\libgcc.a(_mulsi3.o)
                0x00002650                __mulsi3
 .text.libgcc   0x0000268e       0x44 d:/programs/embedded/sdk_win_64/sdk_win_64/winavr/bin/../lib/gcc/avr/4.3.3/avr5\libgcc.a(_udivmodsi4.o)
                0x0000268e                __udivmodsi4
 .text.libgcc   0x000026d2        0x0 d:/programs/embedded/sdk_win_64/sdk_win_64/winavr/bin/../lib/gcc/avr/4.3.3/avr5\libgcc.a(_exit.o)
 .text.libgcc   0x000026d2        0x0 d:/programs/embedded/sdk_win_64/sdk_win_64/winavr/bin/../lib/gcc/avr/4.3.3/avr5\libgcc.a(_copy_data.o)
 .text.libgcc   0x000026d2        0x0 d:/programs/embedded/sdk_win_64/sdk_win_64/winavr/bin/../lib/gcc/avr/4.3.3/avr5\libgcc.a(_clear_bss.o)
 .text.avr-libc
                0x000026d2       0x12 d:/programs/embedded/sdk_win_64/sdk_win_64/winavr/bin/../lib/gcc/avr/4.3.3/../../../../avr/lib/avr5\libc.a(memcpy.o)
                0x000026d2                memcpy
 .text.avr-libc
                0x000026e4        0xe d:/programs/embedded/sdk_win_64/sdk_win_64/winavr/bin/../lib/gcc/avr/4.3.3/../../../../avr/lib/avr5\libc.a(memset.o)
                0x000026e4                memset
 .text.avr-libc
                0x000026f2       0x1e d:/programs/embedded/sdk_win_64/sdk_win_64/winavr/bin/../lib/gcc/avr/4.3.3/../../../../avr/lib/avr5\libc.a(strncpy.o)
                0x000026f2                strncpy
                0x00002710                . = ALIGN (0x2)
 *(.fini9)
 .fini9         0x00002710        0x0 d:/programs/embedded/sdk_win_64/sdk_win_64/winavr/bin/../lib/gcc/avr/4.3.3/avr5\libgcc.a(_exit.o)
                0x00002710                exit
                0x00002710                _exit
 *(.fini9)
 *(.fini8)
 *(.fini8)
 *(.fini7)
 *(.fini7)
 *(.fini6)
 *(.fini6)
 *(.fini5)
 *(.fini5)
 *(.fini4)
 *(.fini4)
 *(.fini3)
 *(.fini3)
 *(.fini2)
 *(.fini2)
 *(.fini1)
 *(.fini1)
 *(.fini0)
 .fini0         0x00002710        0x4 d:/programs/embedded/sdk_win_64/sdk_win_64/winavr/bin/../lib/gcc/avr/4.3.3/avr5\libgcc.a(_exit.o)
 *(.fini0)
                0x00002714                _etext = .

.data           0x00800060       0x94 load address 0x00002714
                0x00800060                PROVIDE (__data_start, .)
 *(.data)
 .data          0x00800060        0x0 d:/programs/embedded/sdk_win_64/sdk_win_64/winavr/bin/../lib/gcc/avr/4.3.3/../../../../avr/lib/avr5/crtm32.o
 .data          0x00800060        0x0 ./MCAL/MUSART/MUSART_Program.o
 .data          0x00800060        0x0 ./MCAL/MGIE/MGIE_Program.o
 .data          0x00800060        0x0 ./MCAL/MDIO/MDIO_Program.o
 .data          0x00800060        0x0 ./MCAL/MADC/MADC_Program.o
 .data          0x00800060        0x0 ./HAL/HKPD/HKPD_Program.o
 .data          0x00800060        0x0 ./HAL/HCLCD/HCLCD_Program.o
 .data          0x00800060        0x0 ./FreeRTOS/croutine.o
 .data          0x00800060        0x0 ./FreeRTOS/heap_1.o
 .data          0x00800060        0x0 ./FreeRTOS/list.o
 .data          0x00800060        0x0 ./FreeRTOS/port.o
 .data          0x00800060        0x0 ./FreeRTOS/queue.o
 .data          0x00800060        0x5 ./FreeRTOS/tasks.o
 .data          0x00800065        0x0 ./FreeRTOS/timers.o
 .data          0x00800065       0x23 ./main.o
 .data          0x00800088        0x0 d:/programs/embedded/sdk_win_64/sdk_win_64/winavr/bin/../lib/gcc/avr/4.3.3/avr5\libgcc.a(_mulsi3.o)
 .data          0x00800088        0x0 d:/programs/embedded/sdk_win_64/sdk_win_64/winavr/bin/../lib/gcc/avr/4.3.3/avr5\libgcc.a(_udivmodsi4.o)
 .data          0x00800088        0x0 d:/programs/embedded/sdk_win_64/sdk_win_64/winavr/bin/../lib/gcc/avr/4.3.3/avr5\libgcc.a(_exit.o)
 .data          0x00800088        0x0 d:/programs/embedded/sdk_win_64/sdk_win_64/winavr/bin/../lib/gcc/avr/4.3.3/avr5\libgcc.a(_copy_data.o)
 .data          0x00800088        0x0 d:/programs/embedded/sdk_win_64/sdk_win_64/winavr/bin/../lib/gcc/avr/4.3.3/avr5\libgcc.a(_clear_bss.o)
 .data          0x00800088        0x0 d:/programs/embedded/sdk_win_64/sdk_win_64/winavr/bin/../lib/gcc/avr/4.3.3/../../../../avr/lib/avr5\libc.a(memcpy.o)
 .data          0x00800088        0x0 d:/programs/embedded/sdk_win_64/sdk_win_64/winavr/bin/../lib/gcc/avr/4.3.3/../../../../avr/lib/avr5\libc.a(memset.o)
 .data          0x00800088        0x0 d:/programs/embedded/sdk_win_64/sdk_win_64/winavr/bin/../lib/gcc/avr/4.3.3/../../../../avr/lib/avr5\libc.a(strncpy.o)
 *(.data*)
 .data.xNextTaskUnblockTime
                0x00800088        0x2 ./FreeRTOS/tasks.o
 .data.BANK_DATA
                0x0080008a        0x8 ./main.o
                0x0080008a                BANK_DATA
 .data.USER_ARR
                0x00800092       0x50 ./main.o
                0x00800092                USER_ARR
 .data.Loc_u8Btn_State.1573
                0x008000e2        0x1 ./main.o
 *(.rodata)
 *(.rodata*)
 .rodata.KPD_u8SwitchVal
                0x008000e3       0x10 ./HAL/HKPD/HKPD_Program.o
                0x008000e3                KPD_u8SwitchVal
 *(.gnu.linkonce.d*)
                0x008000f4                . = ALIGN (0x2)
 *fill*         0x008000f3        0x1 00
                0x008000f4                _edata = .
                0x008000f4                PROVIDE (__data_end, .)

.bss            0x008000f4      0x574
                0x008000f4                PROVIDE (__bss_start, .)
 *(.bss)
 .bss           0x008000f4        0x0 d:/programs/embedded/sdk_win_64/sdk_win_64/winavr/bin/../lib/gcc/avr/4.3.3/../../../../avr/lib/avr5/crtm32.o
 .bss           0x008000f4        0x0 ./MCAL/MUSART/MUSART_Program.o
 .bss           0x008000f4        0x0 ./MCAL/MGIE/MGIE_Program.o
 .bss           0x008000f4        0x0 ./MCAL/MDIO/MDIO_Program.o
 .bss           0x008000f4        0x0 ./MCAL/MADC/MADC_Program.o
 .bss           0x008000f4        0x0 ./HAL/HKPD/HKPD_Program.o
 .bss           0x008000f4        0x0 ./HAL/HCLCD/HCLCD_Program.o
 .bss           0x008000f4        0x0 ./FreeRTOS/croutine.o
 .bss           0x008000f4        0x0 ./FreeRTOS/heap_1.o
 .bss           0x008000f4        0x0 ./FreeRTOS/list.o
 .bss           0x008000f4        0x0 ./FreeRTOS/port.o
 .bss           0x008000f4        0x0 ./FreeRTOS/queue.o
 .bss           0x008000f4        0x0 ./FreeRTOS/tasks.o
 .bss           0x008000f4        0x0 ./FreeRTOS/timers.o
 .bss           0x008000f4        0x0 ./main.o
 .bss           0x008000f4        0x0 d:/programs/embedded/sdk_win_64/sdk_win_64/winavr/bin/../lib/gcc/avr/4.3.3/avr5\libgcc.a(_mulsi3.o)
 .bss           0x008000f4        0x0 d:/programs/embedded/sdk_win_64/sdk_win_64/winavr/bin/../lib/gcc/avr/4.3.3/avr5\libgcc.a(_udivmodsi4.o)
 .bss           0x008000f4        0x0 d:/programs/embedded/sdk_win_64/sdk_win_64/winavr/bin/../lib/gcc/avr/4.3.3/avr5\libgcc.a(_exit.o)
 .bss           0x008000f4        0x0 d:/programs/embedded/sdk_win_64/sdk_win_64/winavr/bin/../lib/gcc/avr/4.3.3/avr5\libgcc.a(_copy_data.o)
 .bss           0x008000f4        0x0 d:/programs/embedded/sdk_win_64/sdk_win_64/winavr/bin/../lib/gcc/avr/4.3.3/avr5\libgcc.a(_clear_bss.o)
 .bss           0x008000f4        0x0 d:/programs/embedded/sdk_win_64/sdk_win_64/winavr/bin/../lib/gcc/avr/4.3.3/../../../../avr/lib/avr5\libc.a(memcpy.o)
 .bss           0x008000f4        0x0 d:/programs/embedded/sdk_win_64/sdk_win_64/winavr/bin/../lib/gcc/avr/4.3.3/../../../../avr/lib/avr5\libc.a(memset.o)
 .bss           0x008000f4        0x0 d:/programs/embedded/sdk_win_64/sdk_win_64/winavr/bin/../lib/gcc/avr/4.3.3/../../../../avr/lib/avr5\libc.a(strncpy.o)
 *(.bss*)
 .bss.pxCurrentCoRoutine
                0x008000f4        0x2 ./FreeRTOS/croutine.o
                0x008000f4                pxCurrentCoRoutine
 .bss.uxTopCoRoutineReadyPriority
                0x008000f6        0x1 ./FreeRTOS/croutine.o
 .bss.xLastTickCount
                0x008000f7        0x2 ./FreeRTOS/croutine.o
 .bss.xPassedTicks
                0x008000f9        0x2 ./FreeRTOS/croutine.o
 .bss.xCoRoutineTickCount
                0x008000fb        0x2 ./FreeRTOS/croutine.o
 .bss.pxReadyCoRoutineLists
                0x008000fd       0x12 ./FreeRTOS/croutine.o
 .bss.xDelayedCoRoutineList1
                0x0080010f        0x9 ./FreeRTOS/croutine.o
 .bss.xDelayedCoRoutineList2
                0x00800118        0x9 ./FreeRTOS/croutine.o
 .bss.pxDelayedCoRoutineList
                0x00800121        0x2 ./FreeRTOS/croutine.o
 .bss.pxOverflowDelayedCoRoutineList
                0x00800123        0x2 ./FreeRTOS/croutine.o
 .bss.xPendingReadyCoRoutineList
                0x00800125        0x9 ./FreeRTOS/croutine.o
 .bss.xNextFreeByte
                0x0080012e        0x2 ./FreeRTOS/heap_1.o
 .bss.xHeap     0x00800130      0x4b0 ./FreeRTOS/heap_1.o
 .bss.pxCurrentTCB
                0x008005e0        0x2 ./FreeRTOS/tasks.o
                0x008005e0                pxCurrentTCB
 .bss.uxTopReadyPriority
                0x008005e2        0x1 ./FreeRTOS/tasks.o
 .bss.xMissedYield
                0x008005e3        0x1 ./FreeRTOS/tasks.o
 .bss.xNumOfOverflows
                0x008005e4        0x1 ./FreeRTOS/tasks.o
 .bss.xTickCount
                0x008005e5        0x2 ./FreeRTOS/tasks.o
 .bss.uxSchedulerSuspended
                0x008005e7        0x1 ./FreeRTOS/tasks.o
 .bss.uxMissedTicks
                0x008005e8        0x1 ./FreeRTOS/tasks.o
 .bss.uxCurrentNumberOfTasks
                0x008005e9        0x1 ./FreeRTOS/tasks.o
 .bss.xSchedulerRunning
                0x008005ea        0x1 ./FreeRTOS/tasks.o
 .bss.uxTasksDeleted
                0x008005eb        0x1 ./FreeRTOS/tasks.o
 .bss.uxTaskNumber
                0x008005ec        0x1 ./FreeRTOS/tasks.o
 .bss.uxTopUsedPriority
                0x008005ed        0x1 ./FreeRTOS/tasks.o
 .bss.pxReadyTasksLists
                0x008005ee       0x2d ./FreeRTOS/tasks.o
 .bss.xDelayedTaskList1
                0x0080061b        0x9 ./FreeRTOS/tasks.o
 .bss.xDelayedTaskList2
                0x00800624        0x9 ./FreeRTOS/tasks.o
 .bss.pxDelayedTaskList
                0x0080062d        0x2 ./FreeRTOS/tasks.o
 .bss.pxOverflowDelayedTaskList
                0x0080062f        0x2 ./FreeRTOS/tasks.o
 .bss.xPendingReadyList
                0x00800631        0x9 ./FreeRTOS/tasks.o
 .bss.xTasksWaitingTermination
                0x0080063a        0x9 ./FreeRTOS/tasks.o
 .bss.LCD_FLAG  0x00800643        0x1 ./main.o
                0x00800643                LCD_FLAG
 .bss.KEYPAD_FLAG
                0x00800644        0x1 ./main.o
                0x00800644                KEYPAD_FLAG
 .bss.NETWORK_FLAG
                0x00800645        0x1 ./main.o
                0x00800645                NETWORK_FLAG
 .bss.Loc_u32DrawValue.1603
                0x00800646        0x4 ./main.o
 .bss.Loc_u16Pass.1602
                0x0080064a        0x2 ./main.o
 .bss.Loc_u8ID.1601
                0x0080064c        0x1 ./main.o
 .bss.Loc_u8Entry_count.1600
                0x0080064d        0x1 ./main.o
 .bss.Loc_u8ValidationCount.1574
                0x0080064e        0x1 ./main.o
 *(COMMON)
 COMMON         0x0080064f        0x2 ./MCAL/MUSART/MUSART_Program.o
                0x0080064f                MUSART_CallBack
 COMMON         0x00800651        0x2 ./MCAL/MADC/MADC_Program.o
                0x00800651                MADC_CallBack
 COMMON         0x00800653       0x15 ./main.o
                0x00800653                Entry_sem
                0x00800655                Keypad_To_CheckData_Queue1
                0x00800657                PHONE_NUMBER
                0x00800662                Keypad_To_LCD_Queue
                0x00800664                Keypad_To_CheckData_Queue2
                0x00800666                Keypad_To_CheckBalance_Queue
                0x00800668                PROVIDE (__bss_end, .)
                0x00002714                __data_load_start = LOADADDR (.data)
                0x000027a8                __data_load_end = (__data_load_start + SIZEOF (.data))

.noinit         0x00800668        0x0
                0x00800668                PROVIDE (__noinit_start, .)
 *(.noinit*)
                0x00800668                PROVIDE (__noinit_end, .)
                0x00800668                _end = .
                0x00800668                PROVIDE (__heap_start, .)

.eeprom         0x00810000        0x0
 *(.eeprom*)
                0x00810000                __eeprom_end = .

.fuse
 *(.fuse)
 *(.lfuse)
 *(.hfuse)
 *(.efuse)

.lock
 *(.lock*)

.signature
 *(.signature*)

.stab
 *(.stab)

.stabstr
 *(.stabstr)

.stab.excl
 *(.stab.excl)

.stab.exclstr
 *(.stab.exclstr)

.stab.index
 *(.stab.index)

.stab.indexstr
 *(.stab.indexstr)

.comment
 *(.comment)

.debug
 *(.debug)

.line
 *(.line)

.debug_srcinfo
 *(.debug_srcinfo)

.debug_sfnames
 *(.debug_sfnames)

.debug_aranges
 *(.debug_aranges)

.debug_pubnames
 *(.debug_pubnames)

.debug_info
 *(.debug_info)
 *(.gnu.linkonce.wi.*)

.debug_abbrev
 *(.debug_abbrev)

.debug_line
 *(.debug_line)

.debug_frame
 *(.debug_frame)

.debug_str
 *(.debug_str)

.debug_loc
 *(.debug_loc)

.debug_macinfo
 *(.debug_macinfo)
OUTPUT(integration_Tes.elf elf32-avr)
LOAD linker stubs
